16:07:24 **** Incremental Build of configuration Debug for project stm32f4_usb_device ****
make -j8 all 
arm-none-eabi-g++ "../Core/Src/main.cpp" -mcpu=cortex-m4 -g3 -DUSE_HAL_DRIVER -DSTM32F401xC -DDEBUG -c -I../USB_DEVICE/Target -I../Drivers/CMSIS/Include -I../Drivers/STM32F4xx_HAL_Driver/Inc -I../Core/Inc -I../USB_DEVICE/App -I../Drivers/CMSIS/Device/ST/STM32F4xx/Include -I../Middlewares/ST/STM32_USB_Device_Library/Core/Inc -I../Drivers/STM32F4xx_HAL_Driver/Inc/Legacy -I../Middlewares/ST/STM32_USB_Device_Library/Class/HID/Inc -I../circular_buffer -I../flash_key_value_tree -I../rpc -I../utils -I../mouse -I../tmk_core/common -I../tmk_interface -O0 -ffunction-sections -fdata-sections -fno-exceptions -fno-rtti -fno-use-cxa-atexit -Wall -std=c++17 -fstack-usage -MMD -MP -MF"Core/Src/main.d" -MT"Core/Src/main.o" --specs=nano.specs -mfpu=fpv4-sp-d16 -mfloat-abi=hard -mthumb -o "Core/Src/main.o"
In file included from ../mouse/mouse_event_handler.hpp:5:0,
                 from ../Core/Src/main.cpp:27:
../mouse/reporting_functions.h:55:1: warning: multi-line comment [-Wcomment]
 //#define REPORT_PARAMS_STRUCT(X) template<> \
 ^
../Core/Src/main.cpp: In function 'int main()':
../Core/Src/main.cpp:370:12: warning: unused variable 'pI' [-Wunused-variable]
   uint32_t pI = 0;
            ^~
../Core/Src/main.cpp:371:12: warning: unused variable 'Data' [-Wunused-variable]
   uint64_t Data = 0x00000000FFFFFFFF;
            ^~~~
../Core/Src/main.cpp: At global scope:
../Core/Src/main.cpp:736:13: warning: 'void MX_WWDG_Init()' defined but not used [-Wunused-function]
 static void MX_WWDG_Init(void)
             ^~~~~~~~~~~~
../Core/Src/main.cpp:498:13: warning: 'void MX_IWDG_Init()' defined but not used [-Wunused-function]
 static void MX_IWDG_Init(void)
             ^~~~~~~~~~~~
arm-none-eabi-g++ -o "stm32f4_usb_device.elf" @"objects.list"   -mcpu=cortex-m4 -T"F:\dove_keyboard\stm32f4_usb_device\STM32F401CCUX_FLASH.ld" --specs=nosys.specs -Wl,-Map="stm32f4_usb_device.map" -Wl,--gc-sections -static --specs=nano.specs -mfpu=fpv4-sp-d16 -mfloat-abi=hard -mthumb -Wl,--start-group -lc -lm -lstdc++ -lsupc++ -Wl,--end-group
Finished building target: stm32f4_usb_device.elf
 
arm-none-eabi-objdump -h -S  stm32f4_usb_device.elf  > "stm32f4_usb_device.list"
arm-none-eabi-objcopy  -O binary  stm32f4_usb_device.elf  "stm32f4_usb_device.bin"
arm-none-eabi-size   stm32f4_usb_device.elf 
   text	   data	    bss	    dec	    hex	filename
  72836	    712	  55852	 129400	  1f978	stm32f4_usb_device.elf
Finished building: default.size.stdout
 
Finished building: stm32f4_usb_device.bin
 
Finished building: stm32f4_usb_device.list
 
16:07:28 **** Incremental Build of configuration Debug for project stm32f4_usb_device ****
make -j8 all 
arm-none-eabi-size   stm32f4_usb_device.elf 
   text	   data	    bss	    dec	    hex	filename
  72836	    712	  55852	 129400	  1f978	stm32f4_usb_device.elf
Finished building: default.size.stdout
 
16:07:29 **** Incremental Build of configuration Debug for project stm32f4_usb_device ****
make -j8 all 
arm-none-eabi-size   stm32f4_usb_device.elf 
   text	   data	    bss	    dec	    hex	filename
  72836	    712	  55852	 129400	  1f978	stm32f4_usb_device.elf
Finished building: default.size.stdout
 
