13:14:14 **** Build of configuration Debug for project stm32f4_usb_device ****
make -j8 all 
arm-none-eabi-gcc "../tmk_interface/keymap.c" -mcpu=cortex-m4 -std=gnu11 -g3 -DUSE_HAL_DRIVER -DSTM32F401xC -DDEBUG -c -I../USB_DEVICE/Target -I../Drivers/CMSIS/Include -I../Drivers/STM32F4xx_HAL_Driver/Inc -I../Core/Inc -I../USB_DEVICE/App -I../Drivers/CMSIS/Device/ST/STM32F4xx/Include -I../Middlewares/ST/STM32_USB_Device_Library/Core/Inc -I../Drivers/STM32F4xx_HAL_Driver/Inc/Legacy -I../Middlewares/ST/STM32_USB_Device_Library/Class/HID/Inc -I../circular_buffer -I../rpc -I../utils -I../mouse -I../tmk_core/common -I../tmk_interface -include../tmk_interface/config.h -O0 -ffunction-sections -fdata-sections -Wall -fstack-usage -MMD -MP -MF"tmk_interface/keymap.d" -MT"tmk_interface/keymap.o" --specs=nano.specs -mfpu=fpv4-sp-d16 -mfloat-abi=hard -mthumb -o "tmk_interface/keymap.o"
arm-none-eabi-gcc "../tmk_interface/led.c" -mcpu=cortex-m4 -std=gnu11 -g3 -DUSE_HAL_DRIVER -DSTM32F401xC -DDEBUG -c -I../USB_DEVICE/Target -I../Drivers/CMSIS/Include -I../Drivers/STM32F4xx_HAL_Driver/Inc -I../Core/Inc -I../USB_DEVICE/App -I../Drivers/CMSIS/Device/ST/STM32F4xx/Include -I../Middlewares/ST/STM32_USB_Device_Library/Core/Inc -I../Drivers/STM32F4xx_HAL_Driver/Inc/Legacy -I../Middlewares/ST/STM32_USB_Device_Library/Class/HID/Inc -I../circular_buffer -I../rpc -I../utils -I../mouse -I../tmk_core/common -I../tmk_interface -include../tmk_interface/config.h -O0 -ffunction-sections -fdata-sections -Wall -fstack-usage -MMD -MP -MF"tmk_interface/led.d" -MT"tmk_interface/led.o" --specs=nano.specs -mfpu=fpv4-sp-d16 -mfloat-abi=hard -mthumb -o "tmk_interface/led.o"
arm-none-eabi-gcc "../tmk_interface/matrix.c" -mcpu=cortex-m4 -std=gnu11 -g3 -DUSE_HAL_DRIVER -DSTM32F401xC -DDEBUG -c -I../USB_DEVICE/Target -I../Drivers/CMSIS/Include -I../Drivers/STM32F4xx_HAL_Driver/Inc -I../Core/Inc -I../USB_DEVICE/App -I../Drivers/CMSIS/Device/ST/STM32F4xx/Include -I../Middlewares/ST/STM32_USB_Device_Library/Core/Inc -I../Drivers/STM32F4xx_HAL_Driver/Inc/Legacy -I../Middlewares/ST/STM32_USB_Device_Library/Class/HID/Inc -I../circular_buffer -I../rpc -I../utils -I../mouse -I../tmk_core/common -I../tmk_interface -include../tmk_interface/config.h -O0 -ffunction-sections -fdata-sections -Wall -fstack-usage -MMD -MP -MF"tmk_interface/matrix.d" -MT"tmk_interface/matrix.o" --specs=nano.specs -mfpu=fpv4-sp-d16 -mfloat-abi=hard -mthumb -o "tmk_interface/matrix.o"
arm-none-eabi-gcc "../tmk_core/common/action.c" -mcpu=cortex-m4 -std=gnu11 -g3 -DUSE_HAL_DRIVER -DSTM32F401xC -DDEBUG -c -I../USB_DEVICE/Target -I../Drivers/CMSIS/Include -I../Drivers/STM32F4xx_HAL_Driver/Inc -I../Core/Inc -I../USB_DEVICE/App -I../Drivers/CMSIS/Device/ST/STM32F4xx/Include -I../Middlewares/ST/STM32_USB_Device_Library/Core/Inc -I../Drivers/STM32F4xx_HAL_Driver/Inc/Legacy -I../Middlewares/ST/STM32_USB_Device_Library/Class/HID/Inc -I../circular_buffer -I../rpc -I../utils -I../mouse -I../tmk_core/common -I../tmk_interface -include../tmk_interface/config.h -O0 -ffunction-sections -fdata-sections -Wall -fstack-usage -MMD -MP -MF"tmk_core/common/action.d" -MT"tmk_core/common/action.o" --specs=nano.specs -mfpu=fpv4-sp-d16 -mfloat-abi=hard -mthumb -o "tmk_core/common/action.o"
arm-none-eabi-gcc "../tmk_core/common/action_layer.c" -mcpu=cortex-m4 -std=gnu11 -g3 -DUSE_HAL_DRIVER -DSTM32F401xC -DDEBUG -c -I../USB_DEVICE/Target -I../Drivers/CMSIS/Include -I../Drivers/STM32F4xx_HAL_Driver/Inc -I../Core/Inc -I../USB_DEVICE/App -I../Drivers/CMSIS/Device/ST/STM32F4xx/Include -I../Middlewares/ST/STM32_USB_Device_Library/Core/Inc -I../Drivers/STM32F4xx_HAL_Driver/Inc/Legacy -I../Middlewares/ST/STM32_USB_Device_Library/Class/HID/Inc -I../circular_buffer -I../rpc -I../utils -I../mouse -I../tmk_core/common -I../tmk_interface -include../tmk_interface/config.h -O0 -ffunction-sections -fdata-sections -Wall -fstack-usage -MMD -MP -MF"tmk_core/common/action_layer.d" -MT"tmk_core/common/action_layer.o" --specs=nano.specs -mfpu=fpv4-sp-d16 -mfloat-abi=hard -mthumb -o "tmk_core/common/action_layer.o"
arm-none-eabi-gcc "../tmk_core/common/action_macro.c" -mcpu=cortex-m4 -std=gnu11 -g3 -DUSE_HAL_DRIVER -DSTM32F401xC -DDEBUG -c -I../USB_DEVICE/Target -I../Drivers/CMSIS/Include -I../Drivers/STM32F4xx_HAL_Driver/Inc -I../Core/Inc -I../USB_DEVICE/App -I../Drivers/CMSIS/Device/ST/STM32F4xx/Include -I../Middlewares/ST/STM32_USB_Device_Library/Core/Inc -I../Drivers/STM32F4xx_HAL_Driver/Inc/Legacy -I../Middlewares/ST/STM32_USB_Device_Library/Class/HID/Inc -I../circular_buffer -I../rpc -I../utils -I../mouse -I../tmk_core/common -I../tmk_interface -include../tmk_interface/config.h -O0 -ffunction-sections -fdata-sections -Wall -fstack-usage -MMD -MP -MF"tmk_core/common/action_macro.d" -MT"tmk_core/common/action_macro.o" --specs=nano.specs -mfpu=fpv4-sp-d16 -mfloat-abi=hard -mthumb -o "tmk_core/common/action_macro.o"
arm-none-eabi-gcc "../tmk_core/common/action_tapping.c" -mcpu=cortex-m4 -std=gnu11 -g3 -DUSE_HAL_DRIVER -DSTM32F401xC -DDEBUG -c -I../USB_DEVICE/Target -I../Drivers/CMSIS/Include -I../Drivers/STM32F4xx_HAL_Driver/Inc -I../Core/Inc -I../USB_DEVICE/App -I../Drivers/CMSIS/Device/ST/STM32F4xx/Include -I../Middlewares/ST/STM32_USB_Device_Library/Core/Inc -I../Drivers/STM32F4xx_HAL_Driver/Inc/Legacy -I../Middlewares/ST/STM32_USB_Device_Library/Class/HID/Inc -I../circular_buffer -I../rpc -I../utils -I../mouse -I../tmk_core/common -I../tmk_interface -include../tmk_interface/config.h -O0 -ffunction-sections -fdata-sections -Wall -fstack-usage -MMD -MP -MF"tmk_core/common/action_tapping.d" -MT"tmk_core/common/action_tapping.o" --specs=nano.specs -mfpu=fpv4-sp-d16 -mfloat-abi=hard -mthumb -o "tmk_core/common/action_tapping.o"
arm-none-eabi-gcc "../tmk_core/common/action_util.c" -mcpu=cortex-m4 -std=gnu11 -g3 -DUSE_HAL_DRIVER -DSTM32F401xC -DDEBUG -c -I../USB_DEVICE/Target -I../Drivers/CMSIS/Include -I../Drivers/STM32F4xx_HAL_Driver/Inc -I../Core/Inc -I../USB_DEVICE/App -I../Drivers/CMSIS/Device/ST/STM32F4xx/Include -I../Middlewares/ST/STM32_USB_Device_Library/Core/Inc -I../Drivers/STM32F4xx_HAL_Driver/Inc/Legacy -I../Middlewares/ST/STM32_USB_Device_Library/Class/HID/Inc -I../circular_buffer -I../rpc -I../utils -I../mouse -I../tmk_core/common -I../tmk_interface -include../tmk_interface/config.h -O0 -ffunction-sections -fdata-sections -Wall -fstack-usage -MMD -MP -MF"tmk_core/common/action_util.d" -MT"tmk_core/common/action_util.o" --specs=nano.specs -mfpu=fpv4-sp-d16 -mfloat-abi=hard -mthumb -o "tmk_core/common/action_util.o"
arm-none-eabi-gcc "../tmk_core/common/actionmap.c" -mcpu=cortex-m4 -std=gnu11 -g3 -DUSE_HAL_DRIVER -DSTM32F401xC -DDEBUG -c -I../USB_DEVICE/Target -I../Drivers/CMSIS/Include -I../Drivers/STM32F4xx_HAL_Driver/Inc -I../Core/Inc -I../USB_DEVICE/App -I../Drivers/CMSIS/Device/ST/STM32F4xx/Include -I../Middlewares/ST/STM32_USB_Device_Library/Core/Inc -I../Drivers/STM32F4xx_HAL_Driver/Inc/Legacy -I../Middlewares/ST/STM32_USB_Device_Library/Class/HID/Inc -I../circular_buffer -I../rpc -I../utils -I../mouse -I../tmk_core/common -I../tmk_interface -include../tmk_interface/config.h -O0 -ffunction-sections -fdata-sections -Wall -fstack-usage -MMD -MP -MF"tmk_core/common/actionmap.d" -MT"tmk_core/common/actionmap.o" --specs=nano.specs -mfpu=fpv4-sp-d16 -mfloat-abi=hard -mthumb -o "tmk_core/common/actionmap.o"
In file included from ../tmk_core/common/wait.h:17:0,
                 from ../tmk_interface/matrix.c:6:
../tmk_interface/matrix.c: In function 'matrix_scan':
../tmk_interface/wait_api.h:2:25: warning: implicit declaration of function '_delay_us' [-Wimplicit-function-declaration]
 #   define wait_us(us)  _delay_us(us)
                         ^
../tmk_interface/matrix.c:69:9: note: in expansion of macro 'wait_us'
         wait_us(1); // need wait to settle pin state
         ^~~~~~~
arm-none-eabi-gcc "../tmk_core/common/debug.c" -mcpu=cortex-m4 -std=gnu11 -g3 -DUSE_HAL_DRIVER -DSTM32F401xC -DDEBUG -c -I../USB_DEVICE/Target -I../Drivers/CMSIS/Include -I../Drivers/STM32F4xx_HAL_Driver/Inc -I../Core/Inc -I../USB_DEVICE/App -I../Drivers/CMSIS/Device/ST/STM32F4xx/Include -I../Middlewares/ST/STM32_USB_Device_Library/Core/Inc -I../Drivers/STM32F4xx_HAL_Driver/Inc/Legacy -I../Middlewares/ST/STM32_USB_Device_Library/Class/HID/Inc -I../circular_buffer -I../rpc -I../utils -I../mouse -I../tmk_core/common -I../tmk_interface -include../tmk_interface/config.h -O0 -ffunction-sections -fdata-sections -Wall -fstack-usage -MMD -MP -MF"tmk_core/common/debug.d" -MT"tmk_core/common/debug.o" --specs=nano.specs -mfpu=fpv4-sp-d16 -mfloat-abi=hard -mthumb -o "tmk_core/common/debug.o"
In file included from ../tmk_core/common/wait.h:17:0,
                 from ../tmk_core/common/action_macro.c:20:
../tmk_core/common/action_macro.c: In function 'action_macro_play':
../tmk_interface/wait_api.h:1:25: warning: implicit declaration of function '_delay_ms' [-Wimplicit-function-declaration]
 #   define wait_ms(ms)  _delay_ms(ms)
                         ^
../tmk_core/common/action_macro.c:65:52: note: in expansion of macro 'wait_ms'
                 { uint8_t ms = macro; while (ms--) wait_ms(1); }
                                                    ^~~~~~~
In file included from ../tmk_core/common/wait.h:17:0,
                 from ../tmk_core/common/action.c:30:
../tmk_core/common/action.c: In function 'process_action':
../tmk_interface/wait_api.h:1:25: warning: implicit declaration of function '_delay_ms' [-Wimplicit-function-declaration]
 #   define wait_ms(ms)  _delay_ms(ms)
                         ^
../tmk_core/common/action.c:171:41: note: in expansion of macro 'wait_ms'
                                         wait_ms(100);
                                         ^~~~~~~
arm-none-eabi-gcc "../tmk_core/common/hook.c" -mcpu=cortex-m4 -std=gnu11 -g3 -DUSE_HAL_DRIVER -DSTM32F401xC -DDEBUG -c -I../USB_DEVICE/Target -I../Drivers/CMSIS/Include -I../Drivers/STM32F4xx_HAL_Driver/Inc -I../Core/Inc -I../USB_DEVICE/App -I../Drivers/CMSIS/Device/ST/STM32F4xx/Include -I../Middlewares/ST/STM32_USB_Device_Library/Core/Inc -I../Drivers/STM32F4xx_HAL_Driver/Inc/Legacy -I../Middlewares/ST/STM32_USB_Device_Library/Class/HID/Inc -I../circular_buffer -I../rpc -I../utils -I../mouse -I../tmk_core/common -I../tmk_interface -include../tmk_interface/config.h -O0 -ffunction-sections -fdata-sections -Wall -fstack-usage -MMD -MP -MF"tmk_core/common/hook.d" -MT"tmk_core/common/hook.o" --specs=nano.specs -mfpu=fpv4-sp-d16 -mfloat-abi=hard -mthumb -o "tmk_core/common/hook.o"
arm-none-eabi-gcc "../tmk_core/common/host.c" -mcpu=cortex-m4 -std=gnu11 -g3 -DUSE_HAL_DRIVER -DSTM32F401xC -DDEBUG -c -I../USB_DEVICE/Target -I../Drivers/CMSIS/Include -I../Drivers/STM32F4xx_HAL_Driver/Inc -I../Core/Inc -I../USB_DEVICE/App -I../Drivers/CMSIS/Device/ST/STM32F4xx/Include -I../Middlewares/ST/STM32_USB_Device_Library/Core/Inc -I../Drivers/STM32F4xx_HAL_Driver/Inc/Legacy -I../Middlewares/ST/STM32_USB_Device_Library/Class/HID/Inc -I../circular_buffer -I../rpc -I../utils -I../mouse -I../tmk_core/common -I../tmk_interface -include../tmk_interface/config.h -O0 -ffunction-sections -fdata-sections -Wall -fstack-usage -MMD -MP -MF"tmk_core/common/host.d" -MT"tmk_core/common/host.o" --specs=nano.specs -mfpu=fpv4-sp-d16 -mfloat-abi=hard -mthumb -o "tmk_core/common/host.o"
arm-none-eabi-gcc "../tmk_core/common/keyboard.c" -mcpu=cortex-m4 -std=gnu11 -g3 -DUSE_HAL_DRIVER -DSTM32F401xC -DDEBUG -c -I../USB_DEVICE/Target -I../Drivers/CMSIS/Include -I../Drivers/STM32F4xx_HAL_Driver/Inc -I../Core/Inc -I../USB_DEVICE/App -I../Drivers/CMSIS/Device/ST/STM32F4xx/Include -I../Middlewares/ST/STM32_USB_Device_Library/Core/Inc -I../Drivers/STM32F4xx_HAL_Driver/Inc/Legacy -I../Middlewares/ST/STM32_USB_Device_Library/Class/HID/Inc -I../circular_buffer -I../rpc -I../utils -I../mouse -I../tmk_core/common -I../tmk_interface -include../tmk_interface/config.h -O0 -ffunction-sections -fdata-sections -Wall -fstack-usage -MMD -MP -MF"tmk_core/common/keyboard.d" -MT"tmk_core/common/keyboard.o" --specs=nano.specs -mfpu=fpv4-sp-d16 -mfloat-abi=hard -mthumb -o "tmk_core/common/keyboard.o"
arm-none-eabi-gcc "../tmk_core/common/keymap.c" -mcpu=cortex-m4 -std=gnu11 -g3 -DUSE_HAL_DRIVER -DSTM32F401xC -DDEBUG -c -I../USB_DEVICE/Target -I../Drivers/CMSIS/Include -I../Drivers/STM32F4xx_HAL_Driver/Inc -I../Core/Inc -I../USB_DEVICE/App -I../Drivers/CMSIS/Device/ST/STM32F4xx/Include -I../Middlewares/ST/STM32_USB_Device_Library/Core/Inc -I../Drivers/STM32F4xx_HAL_Driver/Inc/Legacy -I../Middlewares/ST/STM32_USB_Device_Library/Class/HID/Inc -I../circular_buffer -I../rpc -I../utils -I../mouse -I../tmk_core/common -I../tmk_interface -include../tmk_interface/config.h -O0 -ffunction-sections -fdata-sections -Wall -fstack-usage -MMD -MP -MF"tmk_core/common/keymap.d" -MT"tmk_core/common/keymap.o" --specs=nano.specs -mfpu=fpv4-sp-d16 -mfloat-abi=hard -mthumb -o "tmk_core/common/keymap.o"
arm-none-eabi-gcc "../tmk_core/common/matrix.c" -mcpu=cortex-m4 -std=gnu11 -g3 -DUSE_HAL_DRIVER -DSTM32F401xC -DDEBUG -c -I../USB_DEVICE/Target -I../Drivers/CMSIS/Include -I../Drivers/STM32F4xx_HAL_Driver/Inc -I../Core/Inc -I../USB_DEVICE/App -I../Drivers/CMSIS/Device/ST/STM32F4xx/Include -I../Middlewares/ST/STM32_USB_Device_Library/Core/Inc -I../Drivers/STM32F4xx_HAL_Driver/Inc/Legacy -I../Middlewares/ST/STM32_USB_Device_Library/Class/HID/Inc -I../circular_buffer -I../rpc -I../utils -I../mouse -I../tmk_core/common -I../tmk_interface -include../tmk_interface/config.h -O0 -ffunction-sections -fdata-sections -Wall -fstack-usage -MMD -MP -MF"tmk_core/common/matrix.d" -MT"tmk_core/common/matrix.o" --specs=nano.specs -mfpu=fpv4-sp-d16 -mfloat-abi=hard -mthumb -o "tmk_core/common/matrix.o"
arm-none-eabi-gcc "../tmk_core/common/mousekey.c" -mcpu=cortex-m4 -std=gnu11 -g3 -DUSE_HAL_DRIVER -DSTM32F401xC -DDEBUG -c -I../USB_DEVICE/Target -I../Drivers/CMSIS/Include -I../Drivers/STM32F4xx_HAL_Driver/Inc -I../Core/Inc -I../USB_DEVICE/App -I../Drivers/CMSIS/Device/ST/STM32F4xx/Include -I../Middlewares/ST/STM32_USB_Device_Library/Core/Inc -I../Drivers/STM32F4xx_HAL_Driver/Inc/Legacy -I../Middlewares/ST/STM32_USB_Device_Library/Class/HID/Inc -I../circular_buffer -I../rpc -I../utils -I../mouse -I../tmk_core/common -I../tmk_interface -include../tmk_interface/config.h -O0 -ffunction-sections -fdata-sections -Wall -fstack-usage -MMD -MP -MF"tmk_core/common/mousekey.d" -MT"tmk_core/common/mousekey.o" --specs=nano.specs -mfpu=fpv4-sp-d16 -mfloat-abi=hard -mthumb -o "tmk_core/common/mousekey.o"
arm-none-eabi-gcc "../tmk_core/common/print.c" -mcpu=cortex-m4 -std=gnu11 -g3 -DUSE_HAL_DRIVER -DSTM32F401xC -DDEBUG -c -I../USB_DEVICE/Target -I../Drivers/CMSIS/Include -I../Drivers/STM32F4xx_HAL_Driver/Inc -I../Core/Inc -I../USB_DEVICE/App -I../Drivers/CMSIS/Device/ST/STM32F4xx/Include -I../Middlewares/ST/STM32_USB_Device_Library/Core/Inc -I../Drivers/STM32F4xx_HAL_Driver/Inc/Legacy -I../Middlewares/ST/STM32_USB_Device_Library/Class/HID/Inc -I../circular_buffer -I../rpc -I../utils -I../mouse -I../tmk_core/common -I../tmk_interface -include../tmk_interface/config.h -O0 -ffunction-sections -fdata-sections -Wall -fstack-usage -MMD -MP -MF"tmk_core/common/print.d" -MT"tmk_core/common/print.o" --specs=nano.specs -mfpu=fpv4-sp-d16 -mfloat-abi=hard -mthumb -o "tmk_core/common/print.o"
arm-none-eabi-gcc "../tmk_core/common/sendchar_uart.c" -mcpu=cortex-m4 -std=gnu11 -g3 -DUSE_HAL_DRIVER -DSTM32F401xC -DDEBUG -c -I../USB_DEVICE/Target -I../Drivers/CMSIS/Include -I../Drivers/STM32F4xx_HAL_Driver/Inc -I../Core/Inc -I../USB_DEVICE/App -I../Drivers/CMSIS/Device/ST/STM32F4xx/Include -I../Middlewares/ST/STM32_USB_Device_Library/Core/Inc -I../Drivers/STM32F4xx_HAL_Driver/Inc/Legacy -I../Middlewares/ST/STM32_USB_Device_Library/Class/HID/Inc -I../circular_buffer -I../rpc -I../utils -I../mouse -I../tmk_core/common -I../tmk_interface -include../tmk_interface/config.h -O0 -ffunction-sections -fdata-sections -Wall -fstack-usage -MMD -MP -MF"tmk_core/common/sendchar_uart.d" -MT"tmk_core/common/sendchar_uart.o" --specs=nano.specs -mfpu=fpv4-sp-d16 -mfloat-abi=hard -mthumb -o "tmk_core/common/sendchar_uart.o"
arm-none-eabi-gcc "../tmk_core/common/unimap.c" -mcpu=cortex-m4 -std=gnu11 -g3 -DUSE_HAL_DRIVER -DSTM32F401xC -DDEBUG -c -I../USB_DEVICE/Target -I../Drivers/CMSIS/Include -I../Drivers/STM32F4xx_HAL_Driver/Inc -I../Core/Inc -I../USB_DEVICE/App -I../Drivers/CMSIS/Device/ST/STM32F4xx/Include -I../Middlewares/ST/STM32_USB_Device_Library/Core/Inc -I../Drivers/STM32F4xx_HAL_Driver/Inc/Legacy -I../Middlewares/ST/STM32_USB_Device_Library/Class/HID/Inc -I../circular_buffer -I../rpc -I../utils -I../mouse -I../tmk_core/common -I../tmk_interface -include../tmk_interface/config.h -O0 -ffunction-sections -fdata-sections -Wall -fstack-usage -MMD -MP -MF"tmk_core/common/unimap.d" -MT"tmk_core/common/unimap.o" --specs=nano.specs -mfpu=fpv4-sp-d16 -mfloat-abi=hard -mthumb -o "tmk_core/common/unimap.o"
arm-none-eabi-gcc "../tmk_core/common/util.c" -mcpu=cortex-m4 -std=gnu11 -g3 -DUSE_HAL_DRIVER -DSTM32F401xC -DDEBUG -c -I../USB_DEVICE/Target -I../Drivers/CMSIS/Include -I../Drivers/STM32F4xx_HAL_Driver/Inc -I../Core/Inc -I../USB_DEVICE/App -I../Drivers/CMSIS/Device/ST/STM32F4xx/Include -I../Middlewares/ST/STM32_USB_Device_Library/Core/Inc -I../Drivers/STM32F4xx_HAL_Driver/Inc/Legacy -I../Middlewares/ST/STM32_USB_Device_Library/Class/HID/Inc -I../circular_buffer -I../rpc -I../utils -I../mouse -I../tmk_core/common -I../tmk_interface -include../tmk_interface/config.h -O0 -ffunction-sections -fdata-sections -Wall -fstack-usage -MMD -MP -MF"tmk_core/common/util.d" -MT"tmk_core/common/util.o" --specs=nano.specs -mfpu=fpv4-sp-d16 -mfloat-abi=hard -mthumb -o "tmk_core/common/util.o"
arm-none-eabi-g++ "../rpc/rpc_impl.cpp" -mcpu=cortex-m4 -g3 -DUSE_HAL_DRIVER -DSTM32F401xC -DDEBUG -c -I../USB_DEVICE/Target -I../Drivers/CMSIS/Include -I../Drivers/STM32F4xx_HAL_Driver/Inc -I../Core/Inc -I../USB_DEVICE/App -I../Drivers/CMSIS/Device/ST/STM32F4xx/Include -I../Middlewares/ST/STM32_USB_Device_Library/Core/Inc -I../Drivers/STM32F4xx_HAL_Driver/Inc/Legacy -I../Middlewares/ST/STM32_USB_Device_Library/Class/HID/Inc -I../circular_buffer -I../flash_key_value_tree -I../rpc -I../utils -I../mouse -O0 -ffunction-sections -fdata-sections -fno-exceptions -fno-rtti -fno-use-cxa-atexit -Wall -std=c++17 -fstack-usage -MMD -MP -MF"rpc/rpc_impl.d" -MT"rpc/rpc_impl.o" --specs=nano.specs -mfpu=fpv4-sp-d16 -mfloat-abi=hard -mthumb -o "rpc/rpc_impl.o"
arm-none-eabi-g++ "../mouse/mouse_event_handler.cpp" -mcpu=cortex-m4 -g3 -DUSE_HAL_DRIVER -DSTM32F401xC -DDEBUG -c -I../USB_DEVICE/Target -I../Drivers/CMSIS/Include -I../Drivers/STM32F4xx_HAL_Driver/Inc -I../Core/Inc -I../USB_DEVICE/App -I../Drivers/CMSIS/Device/ST/STM32F4xx/Include -I../Middlewares/ST/STM32_USB_Device_Library/Core/Inc -I../Drivers/STM32F4xx_HAL_Driver/Inc/Legacy -I../Middlewares/ST/STM32_USB_Device_Library/Class/HID/Inc -I../circular_buffer -I../flash_key_value_tree -I../rpc -I../utils -I../mouse -O0 -ffunction-sections -fdata-sections -fno-exceptions -fno-rtti -fno-use-cxa-atexit -Wall -std=c++17 -fstack-usage -MMD -MP -MF"mouse/mouse_event_handler.d" -MT"mouse/mouse_event_handler.o" --specs=nano.specs -mfpu=fpv4-sp-d16 -mfloat-abi=hard -mthumb -o "mouse/mouse_event_handler.o"
arm-none-eabi-g++ "../mouse/reporting_functions.cpp" -mcpu=cortex-m4 -g3 -DUSE_HAL_DRIVER -DSTM32F401xC -DDEBUG -c -I../USB_DEVICE/Target -I../Drivers/CMSIS/Include -I../Drivers/STM32F4xx_HAL_Driver/Inc -I../Core/Inc -I../USB_DEVICE/App -I../Drivers/CMSIS/Device/ST/STM32F4xx/Include -I../Middlewares/ST/STM32_USB_Device_Library/Core/Inc -I../Drivers/STM32F4xx_HAL_Driver/Inc/Legacy -I../Middlewares/ST/STM32_USB_Device_Library/Class/HID/Inc -I../circular_buffer -I../flash_key_value_tree -I../rpc -I../utils -I../mouse -O0 -ffunction-sections -fdata-sections -fno-exceptions -fno-rtti -fno-use-cxa-atexit -Wall -std=c++17 -fstack-usage -MMD -MP -MF"mouse/reporting_functions.d" -MT"mouse/reporting_functions.o" --specs=nano.specs -mfpu=fpv4-sp-d16 -mfloat-abi=hard -mthumb -o "mouse/reporting_functions.o"
arm-none-eabi-g++ "../flash_key_value_tree/key_value_node.cpp" -mcpu=cortex-m4 -g3 -DUSE_HAL_DRIVER -DSTM32F401xC -DDEBUG -c -I../USB_DEVICE/Target -I../Drivers/CMSIS/Include -I../Drivers/STM32F4xx_HAL_Driver/Inc -I../Core/Inc -I../USB_DEVICE/App -I../Drivers/CMSIS/Device/ST/STM32F4xx/Include -I../Middlewares/ST/STM32_USB_Device_Library/Core/Inc -I../Drivers/STM32F4xx_HAL_Driver/Inc/Legacy -I../Middlewares/ST/STM32_USB_Device_Library/Class/HID/Inc -I../circular_buffer -I../flash_key_value_tree -I../rpc -I../utils -I../mouse -O0 -ffunction-sections -fdata-sections -fno-exceptions -fno-rtti -fno-use-cxa-atexit -Wall -std=c++17 -fstack-usage -MMD -MP -MF"flash_key_value_tree/key_value_node.d" -MT"flash_key_value_tree/key_value_node.o" --specs=nano.specs -mfpu=fpv4-sp-d16 -mfloat-abi=hard -mthumb -o "flash_key_value_tree/key_value_node.o"
arm-none-eabi-g++ "../flash_key_value_tree/key_value_tree.cpp" -mcpu=cortex-m4 -g3 -DUSE_HAL_DRIVER -DSTM32F401xC -DDEBUG -c -I../USB_DEVICE/Target -I../Drivers/CMSIS/Include -I../Drivers/STM32F4xx_HAL_Driver/Inc -I../Core/Inc -I../USB_DEVICE/App -I../Drivers/CMSIS/Device/ST/STM32F4xx/Include -I../Middlewares/ST/STM32_USB_Device_Library/Core/Inc -I../Drivers/STM32F4xx_HAL_Driver/Inc/Legacy -I../Middlewares/ST/STM32_USB_Device_Library/Class/HID/Inc -I../circular_buffer -I../flash_key_value_tree -I../rpc -I../utils -I../mouse -O0 -ffunction-sections -fdata-sections -fno-exceptions -fno-rtti -fno-use-cxa-atexit -Wall -std=c++17 -fstack-usage -MMD -MP -MF"flash_key_value_tree/key_value_tree.d" -MT"flash_key_value_tree/key_value_tree.o" --specs=nano.specs -mfpu=fpv4-sp-d16 -mfloat-abi=hard -mthumb -o "flash_key_value_tree/key_value_tree.o"
arm-none-eabi-g++ "../circular_buffer/circular_buffers.cpp" -mcpu=cortex-m4 -g3 -DUSE_HAL_DRIVER -DSTM32F401xC -DDEBUG -c -I../USB_DEVICE/Target -I../Drivers/CMSIS/Include -I../Drivers/STM32F4xx_HAL_Driver/Inc -I../Core/Inc -I../USB_DEVICE/App -I../Drivers/CMSIS/Device/ST/STM32F4xx/Include -I../Middlewares/ST/STM32_USB_Device_Library/Core/Inc -I../Drivers/STM32F4xx_HAL_Driver/Inc/Legacy -I../Middlewares/ST/STM32_USB_Device_Library/Class/HID/Inc -I../circular_buffer -I../flash_key_value_tree -I../rpc -I../utils -I../mouse -O0 -ffunction-sections -fdata-sections -fno-exceptions -fno-rtti -fno-use-cxa-atexit -Wall -std=c++17 -fstack-usage -MMD -MP -MF"circular_buffer/circular_buffers.d" -MT"circular_buffer/circular_buffers.o" --specs=nano.specs -mfpu=fpv4-sp-d16 -mfloat-abi=hard -mthumb -o "circular_buffer/circular_buffers.o"
arm-none-eabi-g++ "../circular_buffer/ring_buffer.cpp" -mcpu=cortex-m4 -g3 -DUSE_HAL_DRIVER -DSTM32F401xC -DDEBUG -c -I../USB_DEVICE/Target -I../Drivers/CMSIS/Include -I../Drivers/STM32F4xx_HAL_Driver/Inc -I../Core/Inc -I../USB_DEVICE/App -I../Drivers/CMSIS/Device/ST/STM32F4xx/Include -I../Middlewares/ST/STM32_USB_Device_Library/Core/Inc -I../Drivers/STM32F4xx_HAL_Driver/Inc/Legacy -I../Middlewares/ST/STM32_USB_Device_Library/Class/HID/Inc -I../circular_buffer -I../flash_key_value_tree -I../rpc -I../utils -I../mouse -O0 -ffunction-sections -fdata-sections -fno-exceptions -fno-rtti -fno-use-cxa-atexit -Wall -std=c++17 -fstack-usage -MMD -MP -MF"circular_buffer/ring_buffer.d" -MT"circular_buffer/ring_buffer.o" --specs=nano.specs -mfpu=fpv4-sp-d16 -mfloat-abi=hard -mthumb -o "circular_buffer/ring_buffer.o"
arm-none-eabi-gcc "../USB_DEVICE/Target/usbd_conf.c" -mcpu=cortex-m4 -std=gnu11 -g3 -DUSE_HAL_DRIVER -DSTM32F401xC -DDEBUG -c -I../USB_DEVICE/Target -I../Drivers/CMSIS/Include -I../Drivers/STM32F4xx_HAL_Driver/Inc -I../Core/Inc -I../USB_DEVICE/App -I../Drivers/CMSIS/Device/ST/STM32F4xx/Include -I../Middlewares/ST/STM32_USB_Device_Library/Core/Inc -I../Drivers/STM32F4xx_HAL_Driver/Inc/Legacy -I../Middlewares/ST/STM32_USB_Device_Library/Class/HID/Inc -I../circular_buffer -I../rpc -I../utils -I../mouse -O0 -ffunction-sections -fdata-sections -Wall -fstack-usage -MMD -MP -MF"USB_DEVICE/Target/usbd_conf.d" -MT"USB_DEVICE/Target/usbd_conf.o" --specs=nano.specs -mfpu=fpv4-sp-d16 -mfloat-abi=hard -mthumb -o "USB_DEVICE/Target/usbd_conf.o"
In file included from ../mouse/mouse_event_handler.hpp:5:0,
                 from ../mouse/reporting_functions.cpp:10:
../mouse/reporting_functions.h:55:1: warning: multi-line comment [-Wcomment]
 //#define REPORT_PARAMS_STRUCT(X) template<> \
 ^
In file included from ../mouse/mouse_event_handler.hpp:5:0,
                 from ../mouse/mouse_event_handler.cpp:11:
../mouse/reporting_functions.h:55:1: warning: multi-line comment [-Wcomment]
 //#define REPORT_PARAMS_STRUCT(X) template<> \
 ^
In file included from ../mouse/mouse_event_handler.hpp:5:0,
                 from ../rpc/rpc_impl.hpp:4,
                 from ../rpc/rpc_impl.cpp:2:
../mouse/reporting_functions.h:55:1: warning: multi-line comment [-Wcomment]
 //#define REPORT_PARAMS_STRUCT(X) template<> \
 ^
../mouse/reporting_functions.cpp: In member function 'void MouseEventHandler::Reporting_Function(uint8_t*) [with ReportingFunctionEnum <anonymous> = (ReportingFunctionEnum)1; uint8_t = unsigned char]':
../mouse/reporting_functions.cpp:110:35: warning: unused variable 'parameters' [-Wunused-variable]
  PARAMS_STRUCT(RELEASE_ALL_KEYS) *parameters = (PARAMS_STRUCT(RELEASE_ALL_KEYS)*) params;
                                   ^~~~~~~~~~
../mouse/mouse_event_handler.cpp: In member function 'void MouseEventHandler::hid_poll_interval_timer_callback()':
../mouse/mouse_event_handler.cpp:156:24: warning: format '%d' expects argument of type 'int', but argument 2 has type 'uint32_t {aka long unsigned int}' [-Wformat=]
    printf("Time:%d\n",a);
                        ^
In file included from ../circular_buffer/circular_buffers.cpp:12:0:
../circular_buffer/ring_buffer.cpp: In instantiation of 'index_type RingBuffer<storage_type, index_type, max_buffer_size, enable_trimming, RingStateEnum, states>::print_state() [with storage_type = char; index_type = short unsigned int; index_type max_buffer_size = 512; bool enable_trimming = false; RingStateEnum = RingState; RingStateEnum ...states = {(RingState)0, (RingState)1, (RingState)2}]':
../circular_buffer/circular_buffers.cpp:21:23:   required from here
../circular_buffer/ring_buffer.cpp:159:2: warning: no return statement in function returning non-void [-Wreturn-type]
  }
  ^
../circular_buffer/ring_buffer.cpp: In instantiation of 'index_type RingBuffer<storage_type, index_type, max_buffer_size, enable_trimming, RingStateEnum, states>::print_state() [with storage_type = char; index_type = short unsigned int; index_type max_buffer_size = 64; bool enable_trimming = true; RingStateEnum = RingState; RingStateEnum ...states = {(RingState)0, (RingState)1, (RingState)2}]':
../circular_buffer/circular_buffers.cpp:70:23:   required from here
../circular_buffer/ring_buffer.cpp:159:2: warning: no return statement in function returning non-void [-Wreturn-type]
../circular_buffer/ring_buffer.cpp: In instantiation of 'index_type RingBuffer<storage_type, index_type, max_buffer_size, enable_trimming, RingStateEnum, states>::set_starting_index(index_type) [with RingStateEnum state = (RingState)2; storage_type = char; index_type = short unsigned int; index_type max_buffer_size = 512; bool enable_trimming = false; RingStateEnum = RingState; RingStateEnum ...states = {(RingState)0, (RingState)1, (RingState)2}]':
../circular_buffer/ring_buffer.cpp:145:34:   required from 'index_type RingBuffer<storage_type, index_type, max_buffer_size, enable_trimming, RingStateEnum, states>::mark_transferred(index_type) [with RingStateEnum from_state = (RingState)2; RingStateEnum to_state = (RingState)0; storage_type = char; index_type = short unsigned int; index_type max_buffer_size = 512; bool enable_trimming = false; RingStateEnum = RingState; RingStateEnum ...states = {(RingState)0, (RingState)1, (RingState)2}]'
../circular_buffer/circular_buffers.cpp:29:83:   required from here
../circular_buffer/ring_buffer.cpp:76:2: warning: no return statement in function returning non-void [-Wreturn-type]
  }
  ^
../circular_buffer/ring_buffer.cpp: In instantiation of 'index_type RingBuffer<storage_type, index_type, max_buffer_size, enable_trimming, RingStateEnum, states>::set_num_elements(index_type) [with RingStateEnum state = (RingState)2; storage_type = char; index_type = short unsigned int; index_type max_buffer_size = 512; bool enable_trimming = false; RingStateEnum = RingState; RingStateEnum ...states = {(RingState)0, (RingState)1, (RingState)2}]':
../circular_buffer/ring_buffer.cpp:146:32:   required from 'index_type RingBuffer<storage_type, index_type, max_buffer_size, enable_trimming, RingStateEnum, states>::mark_transferred(index_type) [with RingStateEnum from_state = (RingState)2; RingStateEnum to_state = (RingState)0; storage_type = char; index_type = short unsigned int; index_type max_buffer_size = 512; bool enable_trimming = false; RingStateEnum = RingState; RingStateEnum ...states = {(RingState)0, (RingState)1, (RingState)2}]'
../circular_buffer/circular_buffers.cpp:29:83:   required from here
../circular_buffer/ring_buffer.cpp:71:2: warning: no return statement in function returning non-void [-Wreturn-type]
  }
  ^
../circular_buffer/ring_buffer.cpp: In instantiation of 'index_type RingBuffer<storage_type, index_type, max_buffer_size, enable_trimming, RingStateEnum, states>::set_num_elements(index_type) [with RingStateEnum state = (RingState)0; storage_type = char; index_type = short unsigned int; index_type max_buffer_size = 512; bool enable_trimming = false; RingStateEnum = RingState; RingStateEnum ...states = {(RingState)0, (RingState)1, (RingState)2}]':
../circular_buffer/ring_buffer.cpp:147:30:   required from 'index_type RingBuffer<storage_type, index_type, max_buffer_size, enable_trimming, RingStateEnum, states>::mark_transferred(index_type) [with RingStateEnum from_state = (RingState)2; RingStateEnum to_state = (RingState)0; storage_type = char; index_type = short unsigned int; index_type max_buffer_size = 512; bool enable_trimming = false; RingStateEnum = RingState; RingStateEnum ...states = {(RingState)0, (RingState)1, (RingState)2}]'
../circular_buffer/circular_buffers.cpp:29:83:   required from here
../circular_buffer/ring_buffer.cpp:71:2: warning: no return statement in function returning non-void [-Wreturn-type]
../circular_buffer/ring_buffer.cpp: In instantiation of 'index_type RingBuffer<storage_type, index_type, max_buffer_size, enable_trimming, RingStateEnum, states>::set_starting_index(index_type) [with RingStateEnum state = (RingState)2; storage_type = char; index_type = short unsigned int; index_type max_buffer_size = 64; bool enable_trimming = true; RingStateEnum = RingState; RingStateEnum ...states = {(RingState)0, (RingState)1, (RingState)2}]':
../circular_buffer/ring_buffer.cpp:145:34:   required from 'index_type RingBuffer<storage_type, index_type, max_buffer_size, enable_trimming, RingStateEnum, states>::mark_transferred(index_type) [with RingStateEnum from_state = (RingState)2; RingStateEnum to_state = (RingState)0; storage_type = char; index_type = short unsigned int; index_type max_buffer_size = 64; bool enable_trimming = true; RingStateEnum = RingState; RingStateEnum ...states = {(RingState)0, (RingState)1, (RingState)2}]'
../circular_buffer/circular_buffers.cpp:93:94:   required from here
../circular_buffer/ring_buffer.cpp:76:2: warning: no return statement in function returning non-void [-Wreturn-type]
  }
  ^
../circular_buffer/ring_buffer.cpp: In instantiation of 'index_type RingBuffer<storage_type, index_type, max_buffer_size, enable_trimming, RingStateEnum, states>::set_num_elements(index_type) [with RingStateEnum state = (RingState)2; storage_type = char; index_type = short unsigned int; index_type max_buffer_size = 64; bool enable_trimming = true; RingStateEnum = RingState; RingStateEnum ...states = {(RingState)0, (RingState)1, (RingState)2}]':
../circular_buffer/ring_buffer.cpp:146:32:   required from 'index_type RingBuffer<storage_type, index_type, max_buffer_size, enable_trimming, RingStateEnum, states>::mark_transferred(index_type) [with RingStateEnum from_state = (RingState)2; RingStateEnum to_state = (RingState)0; storage_type = char; index_type = short unsigned int; index_type max_buffer_size = 64; bool enable_trimming = true; RingStateEnum = RingState; RingStateEnum ...states = {(RingState)0, (RingState)1, (RingState)2}]'
../circular_buffer/circular_buffers.cpp:93:94:   required from here
../circular_buffer/ring_buffer.cpp:71:2: warning: no return statement in function returning non-void [-Wreturn-type]
  }
  ^
../circular_buffer/ring_buffer.cpp: In instantiation of 'index_type RingBuffer<storage_type, index_type, max_buffer_size, enable_trimming, RingStateEnum, states>::set_num_elements(index_type) [with RingStateEnum state = (RingState)0; storage_type = char; index_type = short unsigned int; index_type max_buffer_size = 64; bool enable_trimming = true; RingStateEnum = RingState; RingStateEnum ...states = {(RingState)0, (RingState)1, (RingState)2}]':
../circular_buffer/ring_buffer.cpp:147:30:   required from 'index_type RingBuffer<storage_type, index_type, max_buffer_size, enable_trimming, RingStateEnum, states>::mark_transferred(index_type) [with RingStateEnum from_state = (RingState)2; RingStateEnum to_state = (RingState)0; storage_type = char; index_type = short unsigned int; index_type max_buffer_size = 64; bool enable_trimming = true; RingStateEnum = RingState; RingStateEnum ...states = {(RingState)0, (RingState)1, (RingState)2}]'
../circular_buffer/circular_buffers.cpp:93:94:   required from here
../circular_buffer/ring_buffer.cpp:71:2: warning: no return statement in function returning non-void [-Wreturn-type]
../circular_buffer/ring_buffer.cpp: In instantiation of 'index_type RingBuffer<storage_type, index_type, max_buffer_size, enable_trimming, RingStateEnum, states>::set_starting_index(index_type) [with RingStateEnum state = (RingState)0; storage_type = char; index_type = short unsigned int; index_type max_buffer_size = 512; bool enable_trimming = false; RingStateEnum = RingState; RingStateEnum ...states = {(RingState)0, (RingState)1, (RingState)2}]':
../circular_buffer/ring_buffer.cpp:145:34:   required from 'index_type RingBuffer<storage_type, index_type, max_buffer_size, enable_trimming, RingStateEnum, states>::mark_transferred(index_type) [with RingStateEnum from_state = (RingState)0; RingStateEnum to_state = (RingState)1; storage_type = char; index_type = short unsigned int; index_type max_buffer_size = 512; bool enable_trimming = false; RingStateEnum = RingState; RingStateEnum ...states = {(RingState)0, (RingState)1, (RingState)2}]'
../circular_buffer/ring_buffer.cpp:118:42:   required from 'index_type RingBuffer<storage_type, index_type, max_buffer_size, enable_trimming, RingStateEnum, states>::copy_in_with_rollover(index_type, const storage_type*) [with RingStateEnum from_state = (RingState)0; RingStateEnum to_state = (RingState)1; storage_type = char; index_type = short unsigned int; index_type max_buffer_size = 512; bool enable_trimming = false; RingStateEnum = RingState; RingStateEnum ...states = {(RingState)0, (RingState)1, (RingState)2}]'
../circular_buffer/circular_buffers.cpp:17:90:   required from here
../circular_buffer/ring_buffer.cpp:76:2: warning: no return statement in function returning non-void [-Wreturn-type]
  }
  ^
../circular_buffer/ring_buffer.cpp: In instantiation of 'index_type RingBuffer<storage_type, index_type, max_buffer_size, enable_trimming, RingStateEnum, states>::set_num_elements(index_type) [with RingStateEnum state = (RingState)1; storage_type = char; index_type = short unsigned int; index_type max_buffer_size = 512; bool enable_trimming = false; RingStateEnum = RingState; RingStateEnum ...states = {(RingState)0, (RingState)1, (RingState)2}]':
../circular_buffer/ring_buffer.cpp:147:30:   required from 'index_type RingBuffer<storage_type, index_type, max_buffer_size, enable_trimming, RingStateEnum, states>::mark_transferred(index_type) [with RingStateEnum from_state = (RingState)0; RingStateEnum to_state = (RingState)1; storage_type = char; index_type = short unsigned int; index_type max_buffer_size = 512; bool enable_trimming = false; RingStateEnum = RingState; RingStateEnum ...states = {(RingState)0, (RingState)1, (RingState)2}]'
../circular_buffer/ring_buffer.cpp:118:42:   required from 'index_type RingBuffer<storage_type, index_type, max_buffer_size, enable_trimming, RingStateEnum, states>::copy_in_with_rollover(index_type, const storage_type*) [with RingStateEnum from_state = (RingState)0; RingStateEnum to_state = (RingState)1; storage_type = char; index_type = short unsigned int; index_type max_buffer_size = 512; bool enable_trimming = false; RingStateEnum = RingState; RingStateEnum ...states = {(RingState)0, (RingState)1, (RingState)2}]'
../circular_buffer/circular_buffers.cpp:17:90:   required from here
../circular_buffer/ring_buffer.cpp:71:2: warning: no return statement in function returning non-void [-Wreturn-type]
  }
  ^
../circular_buffer/ring_buffer.cpp: In instantiation of 'index_type RingBuffer<storage_type, index_type, max_buffer_size, enable_trimming, RingStateEnum, states>::set_starting_index(index_type) [with RingStateEnum state = (RingState)1; storage_type = char; index_type = short unsigned int; index_type max_buffer_size = 512; bool enable_trimming = false; RingStateEnum = RingState; RingStateEnum ...states = {(RingState)0, (RingState)1, (RingState)2}]':
../circular_buffer/ring_buffer.cpp:145:34:   required from 'index_type RingBuffer<storage_type, index_type, max_buffer_size, enable_trimming, RingStateEnum, states>::mark_transferred(index_type) [with RingStateEnum from_state = (RingState)1; RingStateEnum to_state = (RingState)2; storage_type = char; index_type = short unsigned int; index_type max_buffer_size = 512; bool enable_trimming = false; RingStateEnum = RingState; RingStateEnum ...states = {(RingState)0, (RingState)1, (RingState)2}]'
../circular_buffer/ring_buffer.cpp:166:41:   required from 'std::tuple<storage_type*, index_type> RingBuffer<storage_type, index_type, max_buffer_size, enable_trimming, RingStateEnum, states>::get_next_continuous_transfer_buffer() [with RingStateEnum from_state = (RingState)1; RingStateEnum to_state = (RingState)2; storage_type = char; index_type = short unsigned int; index_type max_buffer_size = 512; bool enable_trimming = false; RingStateEnum = RingState; RingStateEnum ...states = {(RingState)0, (RingState)1, (RingState)2}]'
../circular_buffer/circular_buffers.cpp:25:93:   required from here
../circular_buffer/ring_buffer.cpp:76:2: warning: no return statement in function returning non-void [-Wreturn-type]
  }
  ^
../circular_buffer/ring_buffer.cpp: In instantiation of 'index_type RingBuffer<storage_type, index_type, max_buffer_size, enable_trimming, RingStateEnum, states>::set_starting_index(index_type) [with RingStateEnum state = (RingState)0; storage_type = char; index_type = short unsigned int; index_type max_buffer_size = 64; bool enable_trimming = true; RingStateEnum = RingState; RingStateEnum ...states = {(RingState)0, (RingState)1, (RingState)2}]':
../circular_buffer/ring_buffer.cpp:145:34:   required from 'index_type RingBuffer<storage_type, index_type, max_buffer_size, enable_trimming, RingStateEnum, states>::mark_transferred(index_type) [with RingStateEnum from_state = (RingState)0; RingStateEnum to_state = (RingState)1; storage_type = char; index_type = short unsigned int; index_type max_buffer_size = 64; bool enable_trimming = true; RingStateEnum = RingState; RingStateEnum ...states = {(RingState)0, (RingState)1, (RingState)2}]'
../circular_buffer/ring_buffer.cpp:180:42:   required from 'storage_type* RingBuffer<storage_type, index_type, max_buffer_size, enable_trimming, RingStateEnum, states>::get_transfer_buffer(index_type) [with RingStateEnum from_state = (RingState)0; RingStateEnum to_state = (RingState)1; bool trim_enabled = true; storage_type = char; index_type = short unsigned int; index_type max_buffer_size = 64; bool enable_trimming = true; RingStateEnum = RingState; RingStateEnum ...states = {(RingState)0, (RingState)1, (RingState)2}]'
../circular_buffer/circular_buffers.cpp:61:110:   required from here
../circular_buffer/ring_buffer.cpp:76:2: warning: no return statement in function returning non-void [-Wreturn-type]
../circular_buffer/ring_buffer.cpp: In instantiation of 'index_type RingBuffer<storage_type, index_type, max_buffer_size, enable_trimming, RingStateEnum, states>::set_num_elements(index_type) [with RingStateEnum state = (RingState)1; storage_type = char; index_type = short unsigned int; index_type max_buffer_size = 64; bool enable_trimming = true; RingStateEnum = RingState; RingStateEnum ...states = {(RingState)0, (RingState)1, (RingState)2}]':
../circular_buffer/ring_buffer.cpp:147:30:   required from 'index_type RingBuffer<storage_type, index_type, max_buffer_size, enable_trimming, RingStateEnum, states>::mark_transferred(index_type) [with RingStateEnum from_state = (RingState)0; RingStateEnum to_state = (RingState)1; storage_type = char; index_type = short unsigned int; index_type max_buffer_size = 64; bool enable_trimming = true; RingStateEnum = RingState; RingStateEnum ...states = {(RingState)0, (RingState)1, (RingState)2}]'
../circular_buffer/ring_buffer.cpp:180:42:   required from 'storage_type* RingBuffer<storage_type, index_type, max_buffer_size, enable_trimming, RingStateEnum, states>::get_transfer_buffer(index_type) [with RingStateEnum from_state = (RingState)0; RingStateEnum to_state = (RingState)1; bool trim_enabled = true; storage_type = char; index_type = short unsigned int; index_type max_buffer_size = 64; bool enable_trimming = true; RingStateEnum = RingState; RingStateEnum ...states = {(RingState)0, (RingState)1, (RingState)2}]'
../circular_buffer/circular_buffers.cpp:61:110:   required from here
../circular_buffer/ring_buffer.cpp:71:2: warning: no return statement in function returning non-void [-Wreturn-type]
  }
  ^
../circular_buffer/ring_buffer.cpp: In instantiation of 'index_type RingBuffer<storage_type, index_type, max_buffer_size, enable_trimming, RingStateEnum, states>::set_starting_index(index_type) [with RingStateEnum state = (RingState)1; storage_type = char; index_type = short unsigned int; index_type max_buffer_size = 64; bool enable_trimming = true; RingStateEnum = RingState; RingStateEnum ...states = {(RingState)0, (RingState)1, (RingState)2}]':
../circular_buffer/ring_buffer.cpp:145:34:   required from 'index_type RingBuffer<storage_type, index_type, max_buffer_size, enable_trimming, RingStateEnum, states>::mark_transferred(index_type) [with RingStateEnum from_state = (RingState)1; RingStateEnum to_state = (RingState)2; storage_type = char; index_type = short unsigned int; index_type max_buffer_size = 64; bool enable_trimming = true; RingStateEnum = RingState; RingStateEnum ...states = {(RingState)0, (RingState)1, (RingState)2}]'
../circular_buffer/ring_buffer.cpp:180:42:   required from 'storage_type* RingBuffer<storage_type, index_type, max_buffer_size, enable_trimming, RingStateEnum, states>::get_transfer_buffer(index_type) [with RingStateEnum from_state = (RingState)1; RingStateEnum to_state = (RingState)2; bool trim_enabled = false; storage_type = char; index_type = short unsigned int; index_type max_buffer_size = 64; bool enable_trimming = true; RingStateEnum = RingState; RingStateEnum ...states = {(RingState)0, (RingState)1, (RingState)2}]'
../circular_buffer/circular_buffers.cpp:76:105:   required from here
../circular_buffer/ring_buffer.cpp:76:2: warning: no return statement in function returning non-void [-Wreturn-type]
  }
  ^
../flash_key_value_tree/key_value_node.cpp: In member function 'bool Node_Header_Typedef<NS>::mark_link_as(uint8_t, Link_State_Enum) [with Storage NS = (Storage)0; uint8_t = unsigned char]':
../flash_key_value_tree/key_value_node.cpp:91:11: warning: unused variable 'new_link_status' [-Wunused-variable]
  uint16_t new_link_status = node_link_status & ~(0b1111 << (link_id*4));
           ^~~~~~~~~~~~~~~
../flash_key_value_tree/key_value_node.cpp: In member function 'bool Key_Value_Ram_Node::write_to_address(Node_Address)':
../flash_key_value_tree/key_value_node.cpp:178:11: warning: unused variable 'offset' [-Wunused-variable]
  uint32_t offset = 0;
           ^~~~~~
../flash_key_value_tree/key_value_node.cpp:203:11: warning: unused variable 'size' [-Wunused-variable]
  uint32_t size = write_addr - addr;
           ^~~~
../flash_key_value_tree/key_value_node.cpp: In member function 'bool Key_Value_Flash_Node::mark_invalid_link_to(Node_Address)':
../flash_key_value_tree/key_value_node.cpp:333:1: warning: no return statement in function returning non-void [-Wreturn-type]
 }
 ^
In file included from ../flash_key_value_tree/key_value_node.cpp:1:0:
../flash_key_value_tree/key_value_node.cpp: In instantiation of 'LazyFilter<T, N>::LazyFilter(std::array<T, N>&, std::function<bool(T, unsigned char)>) [with T = long unsigned int; int N = 4]':
../flash_key_value_tree/key_value_node.cpp:62:16:   required from here
../flash_key_value_tree/key_value_node.hpp:78:10: warning: 'LazyFilter<long unsigned int, 4>::num_items_val' will be initialized after [-Wreorder]
  uint8_t num_items_val;
          ^~~~~~~~~~~~~
../flash_key_value_tree/key_value_node.hpp:76:34: warning:   'std::function<bool(long unsigned int, unsigned char)> LazyFilter<long unsigned int, 4>::filter_func' [-Wreorder]
  std::function<bool(T, uint8_t)> filter_func;
                                  ^~~~~~~~~~~
../flash_key_value_tree/key_value_node.cpp:17:1: warning:   when initialized here [-Wreorder]
 LazyFilter<T,N>::LazyFilter(std::array<T,N>& base_arr, std::function<bool(T, uint8_t)> ffunc):
 ^~~~~~~~~~~~~~~
In file included from ../flash_key_value_tree/key_value_node.cpp:1:0:
../flash_key_value_tree/key_value_node.hpp:76:34: warning: 'LazyFilter<long unsigned int, 4>::filter_func' will be initialized after [-Wreorder]
  std::function<bool(T, uint8_t)> filter_func;
                                  ^~~~~~~~~~~
../flash_key_value_tree/key_value_node.hpp:74:10: warning:   'uint8_t LazyFilter<long unsigned int, 4>::index' [-Wreorder]
  uint8_t index;
          ^~~~~
../flash_key_value_tree/key_value_node.cpp:17:1: warning:   when initialized here [-Wreorder]
 LazyFilter<T,N>::LazyFilter(std::array<T,N>& base_arr, std::function<bool(T, uint8_t)> ffunc):
 ^~~~~~~~~~~~~~~
arm-none-eabi-gcc "../USB_DEVICE/App/usb_device.c" -mcpu=cortex-m4 -std=gnu11 -g3 -DUSE_HAL_DRIVER -DSTM32F401xC -DDEBUG -c -I../USB_DEVICE/Target -I../Drivers/CMSIS/Include -I../Drivers/STM32F4xx_HAL_Driver/Inc -I../Core/Inc -I../USB_DEVICE/App -I../Drivers/CMSIS/Device/ST/STM32F4xx/Include -I../Middlewares/ST/STM32_USB_Device_Library/Core/Inc -I../Drivers/STM32F4xx_HAL_Driver/Inc/Legacy -I../Middlewares/ST/STM32_USB_Device_Library/Class/HID/Inc -I../circular_buffer -I../rpc -I../utils -I../mouse -O0 -ffunction-sections -fdata-sections -Wall -fstack-usage -MMD -MP -MF"USB_DEVICE/App/usb_device.d" -MT"USB_DEVICE/App/usb_device.o" --specs=nano.specs -mfpu=fpv4-sp-d16 -mfloat-abi=hard -mthumb -o "USB_DEVICE/App/usb_device.o"
../flash_key_value_tree/key_value_tree.cpp: In member function 'std::tuple<bool, long unsigned int> Flash_Key_Value_Tree::find_growth_node()':
../flash_key_value_tree/key_value_tree.cpp:206:25: warning: unused variable '__addr1' [-Wunused-variable]
  auto [g_n_addr, __addr1] = traverse_with_node_function<bool>(Key_Value_Flash_Node::growth_node_find_func, std::make_tuple((Node_Address)0,(Node_Address)0));
                         ^
../flash_key_value_tree/key_value_tree.cpp: In member function 'bool Flash_Key_Value_Tree::update_node(uint32_t, uint8_t, const uint8_t*, Node_Address, Node_Address)':
../flash_key_value_tree/key_value_tree.cpp:288:1: warning: no return statement in function returning non-void [-Wreturn-type]
 }
 ^
arm-none-eabi-gcc "../USB_DEVICE/App/usbd_desc.c" -mcpu=cortex-m4 -std=gnu11 -g3 -DUSE_HAL_DRIVER -DSTM32F401xC -DDEBUG -c -I../USB_DEVICE/Target -I../Drivers/CMSIS/Include -I../Drivers/STM32F4xx_HAL_Driver/Inc -I../Core/Inc -I../USB_DEVICE/App -I../Drivers/CMSIS/Device/ST/STM32F4xx/Include -I../Middlewares/ST/STM32_USB_Device_Library/Core/Inc -I../Drivers/STM32F4xx_HAL_Driver/Inc/Legacy -I../Middlewares/ST/STM32_USB_Device_Library/Class/HID/Inc -I../circular_buffer -I../rpc -I../utils -I../mouse -O0 -ffunction-sections -fdata-sections -Wall -fstack-usage -MMD -MP -MF"USB_DEVICE/App/usbd_desc.d" -MT"USB_DEVICE/App/usbd_desc.o" --specs=nano.specs -mfpu=fpv4-sp-d16 -mfloat-abi=hard -mthumb -o "USB_DEVICE/App/usbd_desc.o"
arm-none-eabi-gcc "../Middlewares/ST/STM32_USB_Device_Library/Core/Src/usbd_core.c" -mcpu=cortex-m4 -std=gnu11 -g3 -DUSE_HAL_DRIVER -DSTM32F401xC -DDEBUG -c -I../USB_DEVICE/Target -I../Drivers/CMSIS/Include -I../Drivers/STM32F4xx_HAL_Driver/Inc -I../Core/Inc -I../USB_DEVICE/App -I../Drivers/CMSIS/Device/ST/STM32F4xx/Include -I../Middlewares/ST/STM32_USB_Device_Library/Core/Inc -I../Drivers/STM32F4xx_HAL_Driver/Inc/Legacy -I../Middlewares/ST/STM32_USB_Device_Library/Class/HID/Inc -I../circular_buffer -I../rpc -I../utils -I../mouse -O0 -ffunction-sections -fdata-sections -Wall -fstack-usage -MMD -MP -MF"Middlewares/ST/STM32_USB_Device_Library/Core/Src/usbd_core.d" -MT"Middlewares/ST/STM32_USB_Device_Library/Core/Src/usbd_core.o" --specs=nano.specs -mfpu=fpv4-sp-d16 -mfloat-abi=hard -mthumb -o "Middlewares/ST/STM32_USB_Device_Library/Core/Src/usbd_core.o"
arm-none-eabi-gcc "../Middlewares/ST/STM32_USB_Device_Library/Core/Src/usbd_ctlreq.c" -mcpu=cortex-m4 -std=gnu11 -g3 -DUSE_HAL_DRIVER -DSTM32F401xC -DDEBUG -c -I../USB_DEVICE/Target -I../Drivers/CMSIS/Include -I../Drivers/STM32F4xx_HAL_Driver/Inc -I../Core/Inc -I../USB_DEVICE/App -I../Drivers/CMSIS/Device/ST/STM32F4xx/Include -I../Middlewares/ST/STM32_USB_Device_Library/Core/Inc -I../Drivers/STM32F4xx_HAL_Driver/Inc/Legacy -I../Middlewares/ST/STM32_USB_Device_Library/Class/HID/Inc -I../circular_buffer -I../rpc -I../utils -I../mouse -O0 -ffunction-sections -fdata-sections -Wall -fstack-usage -MMD -MP -MF"Middlewares/ST/STM32_USB_Device_Library/Core/Src/usbd_ctlreq.d" -MT"Middlewares/ST/STM32_USB_Device_Library/Core/Src/usbd_ctlreq.o" --specs=nano.specs -mfpu=fpv4-sp-d16 -mfloat-abi=hard -mthumb -o "Middlewares/ST/STM32_USB_Device_Library/Core/Src/usbd_ctlreq.o"
arm-none-eabi-gcc "../Middlewares/ST/STM32_USB_Device_Library/Core/Src/usbd_ioreq.c" -mcpu=cortex-m4 -std=gnu11 -g3 -DUSE_HAL_DRIVER -DSTM32F401xC -DDEBUG -c -I../USB_DEVICE/Target -I../Drivers/CMSIS/Include -I../Drivers/STM32F4xx_HAL_Driver/Inc -I../Core/Inc -I../USB_DEVICE/App -I../Drivers/CMSIS/Device/ST/STM32F4xx/Include -I../Middlewares/ST/STM32_USB_Device_Library/Core/Inc -I../Drivers/STM32F4xx_HAL_Driver/Inc/Legacy -I../Middlewares/ST/STM32_USB_Device_Library/Class/HID/Inc -I../circular_buffer -I../rpc -I../utils -I../mouse -O0 -ffunction-sections -fdata-sections -Wall -fstack-usage -MMD -MP -MF"Middlewares/ST/STM32_USB_Device_Library/Core/Src/usbd_ioreq.d" -MT"Middlewares/ST/STM32_USB_Device_Library/Core/Src/usbd_ioreq.o" --specs=nano.specs -mfpu=fpv4-sp-d16 -mfloat-abi=hard -mthumb -o "Middlewares/ST/STM32_USB_Device_Library/Core/Src/usbd_ioreq.o"
arm-none-eabi-g++ "../Middlewares/ST/STM32_USB_Device_Library/Class/HID/Src/usbd_hid.cpp" -mcpu=cortex-m4 -g3 -DUSE_HAL_DRIVER -DSTM32F401xC -DDEBUG -c -I../USB_DEVICE/Target -I../Drivers/CMSIS/Include -I../Drivers/STM32F4xx_HAL_Driver/Inc -I../Core/Inc -I../USB_DEVICE/App -I../Drivers/CMSIS/Device/ST/STM32F4xx/Include -I../Middlewares/ST/STM32_USB_Device_Library/Core/Inc -I../Drivers/STM32F4xx_HAL_Driver/Inc/Legacy -I../Middlewares/ST/STM32_USB_Device_Library/Class/HID/Inc -I../circular_buffer -I../flash_key_value_tree -I../rpc -I../utils -I../mouse -O0 -ffunction-sections -fdata-sections -fno-exceptions -fno-rtti -fno-use-cxa-atexit -Wall -std=c++17 -fstack-usage -MMD -MP -MF"Middlewares/ST/STM32_USB_Device_Library/Class/HID/Src/usbd_hid.d" -MT"Middlewares/ST/STM32_USB_Device_Library/Class/HID/Src/usbd_hid.o" --specs=nano.specs -mfpu=fpv4-sp-d16 -mfloat-abi=hard -mthumb -o "Middlewares/ST/STM32_USB_Device_Library/Class/HID/Src/usbd_hid.o"
arm-none-eabi-gcc "../Drivers/STM32F4xx_HAL_Driver/Src/stm32f4xx_hal.c" -mcpu=cortex-m4 -std=gnu11 -g3 -DUSE_HAL_DRIVER -DSTM32F401xC -DDEBUG -c -I../USB_DEVICE/Target -I../Drivers/CMSIS/Include -I../Drivers/STM32F4xx_HAL_Driver/Inc -I../Core/Inc -I../USB_DEVICE/App -I../Drivers/CMSIS/Device/ST/STM32F4xx/Include -I../Middlewares/ST/STM32_USB_Device_Library/Core/Inc -I../Drivers/STM32F4xx_HAL_Driver/Inc/Legacy -I../Middlewares/ST/STM32_USB_Device_Library/Class/HID/Inc -I../circular_buffer -I../rpc -I../utils -I../mouse -O0 -ffunction-sections -fdata-sections -Wall -fstack-usage -MMD -MP -MF"Drivers/STM32F4xx_HAL_Driver/Src/stm32f4xx_hal.d" -MT"Drivers/STM32F4xx_HAL_Driver/Src/stm32f4xx_hal.o" --specs=nano.specs -mfpu=fpv4-sp-d16 -mfloat-abi=hard -mthumb -o "Drivers/STM32F4xx_HAL_Driver/Src/stm32f4xx_hal.o"
arm-none-eabi-gcc "../Drivers/STM32F4xx_HAL_Driver/Src/stm32f4xx_hal_cortex.c" -mcpu=cortex-m4 -std=gnu11 -g3 -DUSE_HAL_DRIVER -DSTM32F401xC -DDEBUG -c -I../USB_DEVICE/Target -I../Drivers/CMSIS/Include -I../Drivers/STM32F4xx_HAL_Driver/Inc -I../Core/Inc -I../USB_DEVICE/App -I../Drivers/CMSIS/Device/ST/STM32F4xx/Include -I../Middlewares/ST/STM32_USB_Device_Library/Core/Inc -I../Drivers/STM32F4xx_HAL_Driver/Inc/Legacy -I../Middlewares/ST/STM32_USB_Device_Library/Class/HID/Inc -I../circular_buffer -I../rpc -I../utils -I../mouse -O0 -ffunction-sections -fdata-sections -Wall -fstack-usage -MMD -MP -MF"Drivers/STM32F4xx_HAL_Driver/Src/stm32f4xx_hal_cortex.d" -MT"Drivers/STM32F4xx_HAL_Driver/Src/stm32f4xx_hal_cortex.o" --specs=nano.specs -mfpu=fpv4-sp-d16 -mfloat-abi=hard -mthumb -o "Drivers/STM32F4xx_HAL_Driver/Src/stm32f4xx_hal_cortex.o"
arm-none-eabi-gcc "../Drivers/STM32F4xx_HAL_Driver/Src/stm32f4xx_hal_crc.c" -mcpu=cortex-m4 -std=gnu11 -g3 -DUSE_HAL_DRIVER -DSTM32F401xC -DDEBUG -c -I../USB_DEVICE/Target -I../Drivers/CMSIS/Include -I../Drivers/STM32F4xx_HAL_Driver/Inc -I../Core/Inc -I../USB_DEVICE/App -I../Drivers/CMSIS/Device/ST/STM32F4xx/Include -I../Middlewares/ST/STM32_USB_Device_Library/Core/Inc -I../Drivers/STM32F4xx_HAL_Driver/Inc/Legacy -I../Middlewares/ST/STM32_USB_Device_Library/Class/HID/Inc -I../circular_buffer -I../rpc -I../utils -I../mouse -O0 -ffunction-sections -fdata-sections -Wall -fstack-usage -MMD -MP -MF"Drivers/STM32F4xx_HAL_Driver/Src/stm32f4xx_hal_crc.d" -MT"Drivers/STM32F4xx_HAL_Driver/Src/stm32f4xx_hal_crc.o" --specs=nano.specs -mfpu=fpv4-sp-d16 -mfloat-abi=hard -mthumb -o "Drivers/STM32F4xx_HAL_Driver/Src/stm32f4xx_hal_crc.o"
arm-none-eabi-gcc "../Drivers/STM32F4xx_HAL_Driver/Src/stm32f4xx_hal_dma.c" -mcpu=cortex-m4 -std=gnu11 -g3 -DUSE_HAL_DRIVER -DSTM32F401xC -DDEBUG -c -I../USB_DEVICE/Target -I../Drivers/CMSIS/Include -I../Drivers/STM32F4xx_HAL_Driver/Inc -I../Core/Inc -I../USB_DEVICE/App -I../Drivers/CMSIS/Device/ST/STM32F4xx/Include -I../Middlewares/ST/STM32_USB_Device_Library/Core/Inc -I../Drivers/STM32F4xx_HAL_Driver/Inc/Legacy -I../Middlewares/ST/STM32_USB_Device_Library/Class/HID/Inc -I../circular_buffer -I../rpc -I../utils -I../mouse -O0 -ffunction-sections -fdata-sections -Wall -fstack-usage -MMD -MP -MF"Drivers/STM32F4xx_HAL_Driver/Src/stm32f4xx_hal_dma.d" -MT"Drivers/STM32F4xx_HAL_Driver/Src/stm32f4xx_hal_dma.o" --specs=nano.specs -mfpu=fpv4-sp-d16 -mfloat-abi=hard -mthumb -o "Drivers/STM32F4xx_HAL_Driver/Src/stm32f4xx_hal_dma.o"
arm-none-eabi-gcc "../Drivers/STM32F4xx_HAL_Driver/Src/stm32f4xx_hal_dma_ex.c" -mcpu=cortex-m4 -std=gnu11 -g3 -DUSE_HAL_DRIVER -DSTM32F401xC -DDEBUG -c -I../USB_DEVICE/Target -I../Drivers/CMSIS/Include -I../Drivers/STM32F4xx_HAL_Driver/Inc -I../Core/Inc -I../USB_DEVICE/App -I../Drivers/CMSIS/Device/ST/STM32F4xx/Include -I../Middlewares/ST/STM32_USB_Device_Library/Core/Inc -I../Drivers/STM32F4xx_HAL_Driver/Inc/Legacy -I../Middlewares/ST/STM32_USB_Device_Library/Class/HID/Inc -I../circular_buffer -I../rpc -I../utils -I../mouse -O0 -ffunction-sections -fdata-sections -Wall -fstack-usage -MMD -MP -MF"Drivers/STM32F4xx_HAL_Driver/Src/stm32f4xx_hal_dma_ex.d" -MT"Drivers/STM32F4xx_HAL_Driver/Src/stm32f4xx_hal_dma_ex.o" --specs=nano.specs -mfpu=fpv4-sp-d16 -mfloat-abi=hard -mthumb -o "Drivers/STM32F4xx_HAL_Driver/Src/stm32f4xx_hal_dma_ex.o"
arm-none-eabi-gcc "../Drivers/STM32F4xx_HAL_Driver/Src/stm32f4xx_hal_exti.c" -mcpu=cortex-m4 -std=gnu11 -g3 -DUSE_HAL_DRIVER -DSTM32F401xC -DDEBUG -c -I../USB_DEVICE/Target -I../Drivers/CMSIS/Include -I../Drivers/STM32F4xx_HAL_Driver/Inc -I../Core/Inc -I../USB_DEVICE/App -I../Drivers/CMSIS/Device/ST/STM32F4xx/Include -I../Middlewares/ST/STM32_USB_Device_Library/Core/Inc -I../Drivers/STM32F4xx_HAL_Driver/Inc/Legacy -I../Middlewares/ST/STM32_USB_Device_Library/Class/HID/Inc -I../circular_buffer -I../rpc -I../utils -I../mouse -O0 -ffunction-sections -fdata-sections -Wall -fstack-usage -MMD -MP -MF"Drivers/STM32F4xx_HAL_Driver/Src/stm32f4xx_hal_exti.d" -MT"Drivers/STM32F4xx_HAL_Driver/Src/stm32f4xx_hal_exti.o" --specs=nano.specs -mfpu=fpv4-sp-d16 -mfloat-abi=hard -mthumb -o "Drivers/STM32F4xx_HAL_Driver/Src/stm32f4xx_hal_exti.o"
arm-none-eabi-gcc "../Drivers/STM32F4xx_HAL_Driver/Src/stm32f4xx_hal_flash.c" -mcpu=cortex-m4 -std=gnu11 -g3 -DUSE_HAL_DRIVER -DSTM32F401xC -DDEBUG -c -I../USB_DEVICE/Target -I../Drivers/CMSIS/Include -I../Drivers/STM32F4xx_HAL_Driver/Inc -I../Core/Inc -I../USB_DEVICE/App -I../Drivers/CMSIS/Device/ST/STM32F4xx/Include -I../Middlewares/ST/STM32_USB_Device_Library/Core/Inc -I../Drivers/STM32F4xx_HAL_Driver/Inc/Legacy -I../Middlewares/ST/STM32_USB_Device_Library/Class/HID/Inc -I../circular_buffer -I../rpc -I../utils -I../mouse -O0 -ffunction-sections -fdata-sections -Wall -fstack-usage -MMD -MP -MF"Drivers/STM32F4xx_HAL_Driver/Src/stm32f4xx_hal_flash.d" -MT"Drivers/STM32F4xx_HAL_Driver/Src/stm32f4xx_hal_flash.o" --specs=nano.specs -mfpu=fpv4-sp-d16 -mfloat-abi=hard -mthumb -o "Drivers/STM32F4xx_HAL_Driver/Src/stm32f4xx_hal_flash.o"
../Middlewares/ST/STM32_USB_Device_Library/Class/HID/Src/usbd_hid.cpp: In function 'uint8_t USBD_HID_Register_EP0RX_Callback(HandleHID_Rx_TypeDef)':
../Middlewares/ST/STM32_USB_Device_Library/Class/HID/Src/usbd_hid.cpp:107:1: warning: no return statement in function returning non-void [-Wreturn-type]
 }
 ^
../Middlewares/ST/STM32_USB_Device_Library/Class/HID/Src/usbd_hid.cpp: In function 'uint8_t USBD_HID_DataIn(USBD_HandleTypeDef*, uint8_t)':
../Middlewares/ST/STM32_USB_Device_Library/Class/HID/Src/usbd_hid.cpp:457:1: warning: no return statement in function returning non-void [-Wreturn-type]
 }
 ^
../Middlewares/ST/STM32_USB_Device_Library/Class/HID/Src/usbd_hid.cpp: In function 'uint8_t USB_HID_Send_Next_Report(USBD_HandleTypeDef*)':
../Middlewares/ST/STM32_USB_Device_Library/Class/HID/Src/usbd_hid.cpp:445:1: warning: control reaches end of non-void function [-Wreturn-type]
 }
 ^
../Middlewares/ST/STM32_USB_Device_Library/Class/HID/Src/usbd_hid.cpp: At global scope:
../Middlewares/ST/STM32_USB_Device_Library/Class/HID/Src/usbd_hid.cpp:477:17: warning: 'uint8_t USBD_HID_EP0_TxSent(USBD_HandleTypeDef*)' defined but not used [-Wunused-function]
 static uint8_t  USBD_HID_EP0_TxSent(USBD_HandleTypeDef *pdev)
                 ^~~~~~~~~~~~~~~~~~~
arm-none-eabi-gcc "../Drivers/STM32F4xx_HAL_Driver/Src/stm32f4xx_hal_flash_ex.c" -mcpu=cortex-m4 -std=gnu11 -g3 -DUSE_HAL_DRIVER -DSTM32F401xC -DDEBUG -c -I../USB_DEVICE/Target -I../Drivers/CMSIS/Include -I../Drivers/STM32F4xx_HAL_Driver/Inc -I../Core/Inc -I../USB_DEVICE/App -I../Drivers/CMSIS/Device/ST/STM32F4xx/Include -I../Middlewares/ST/STM32_USB_Device_Library/Core/Inc -I../Drivers/STM32F4xx_HAL_Driver/Inc/Legacy -I../Middlewares/ST/STM32_USB_Device_Library/Class/HID/Inc -I../circular_buffer -I../rpc -I../utils -I../mouse -O0 -ffunction-sections -fdata-sections -Wall -fstack-usage -MMD -MP -MF"Drivers/STM32F4xx_HAL_Driver/Src/stm32f4xx_hal_flash_ex.d" -MT"Drivers/STM32F4xx_HAL_Driver/Src/stm32f4xx_hal_flash_ex.o" --specs=nano.specs -mfpu=fpv4-sp-d16 -mfloat-abi=hard -mthumb -o "Drivers/STM32F4xx_HAL_Driver/Src/stm32f4xx_hal_flash_ex.o"
arm-none-eabi-gcc "../Drivers/STM32F4xx_HAL_Driver/Src/stm32f4xx_hal_flash_ramfunc.c" -mcpu=cortex-m4 -std=gnu11 -g3 -DUSE_HAL_DRIVER -DSTM32F401xC -DDEBUG -c -I../USB_DEVICE/Target -I../Drivers/CMSIS/Include -I../Drivers/STM32F4xx_HAL_Driver/Inc -I../Core/Inc -I../USB_DEVICE/App -I../Drivers/CMSIS/Device/ST/STM32F4xx/Include -I../Middlewares/ST/STM32_USB_Device_Library/Core/Inc -I../Drivers/STM32F4xx_HAL_Driver/Inc/Legacy -I../Middlewares/ST/STM32_USB_Device_Library/Class/HID/Inc -I../circular_buffer -I../rpc -I../utils -I../mouse -O0 -ffunction-sections -fdata-sections -Wall -fstack-usage -MMD -MP -MF"Drivers/STM32F4xx_HAL_Driver/Src/stm32f4xx_hal_flash_ramfunc.d" -MT"Drivers/STM32F4xx_HAL_Driver/Src/stm32f4xx_hal_flash_ramfunc.o" --specs=nano.specs -mfpu=fpv4-sp-d16 -mfloat-abi=hard -mthumb -o "Drivers/STM32F4xx_HAL_Driver/Src/stm32f4xx_hal_flash_ramfunc.o"
arm-none-eabi-gcc "../Drivers/STM32F4xx_HAL_Driver/Src/stm32f4xx_hal_gpio.c" -mcpu=cortex-m4 -std=gnu11 -g3 -DUSE_HAL_DRIVER -DSTM32F401xC -DDEBUG -c -I../USB_DEVICE/Target -I../Drivers/CMSIS/Include -I../Drivers/STM32F4xx_HAL_Driver/Inc -I../Core/Inc -I../USB_DEVICE/App -I../Drivers/CMSIS/Device/ST/STM32F4xx/Include -I../Middlewares/ST/STM32_USB_Device_Library/Core/Inc -I../Drivers/STM32F4xx_HAL_Driver/Inc/Legacy -I../Middlewares/ST/STM32_USB_Device_Library/Class/HID/Inc -I../circular_buffer -I../rpc -I../utils -I../mouse -O0 -ffunction-sections -fdata-sections -Wall -fstack-usage -MMD -MP -MF"Drivers/STM32F4xx_HAL_Driver/Src/stm32f4xx_hal_gpio.d" -MT"Drivers/STM32F4xx_HAL_Driver/Src/stm32f4xx_hal_gpio.o" --specs=nano.specs -mfpu=fpv4-sp-d16 -mfloat-abi=hard -mthumb -o "Drivers/STM32F4xx_HAL_Driver/Src/stm32f4xx_hal_gpio.o"
arm-none-eabi-gcc "../Drivers/STM32F4xx_HAL_Driver/Src/stm32f4xx_hal_iwdg.c" -mcpu=cortex-m4 -std=gnu11 -g3 -DUSE_HAL_DRIVER -DSTM32F401xC -DDEBUG -c -I../USB_DEVICE/Target -I../Drivers/CMSIS/Include -I../Drivers/STM32F4xx_HAL_Driver/Inc -I../Core/Inc -I../USB_DEVICE/App -I../Drivers/CMSIS/Device/ST/STM32F4xx/Include -I../Middlewares/ST/STM32_USB_Device_Library/Core/Inc -I../Drivers/STM32F4xx_HAL_Driver/Inc/Legacy -I../Middlewares/ST/STM32_USB_Device_Library/Class/HID/Inc -I../circular_buffer -I../rpc -I../utils -I../mouse -O0 -ffunction-sections -fdata-sections -Wall -fstack-usage -MMD -MP -MF"Drivers/STM32F4xx_HAL_Driver/Src/stm32f4xx_hal_iwdg.d" -MT"Drivers/STM32F4xx_HAL_Driver/Src/stm32f4xx_hal_iwdg.o" --specs=nano.specs -mfpu=fpv4-sp-d16 -mfloat-abi=hard -mthumb -o "Drivers/STM32F4xx_HAL_Driver/Src/stm32f4xx_hal_iwdg.o"
arm-none-eabi-gcc "../Drivers/STM32F4xx_HAL_Driver/Src/stm32f4xx_hal_pcd.c" -mcpu=cortex-m4 -std=gnu11 -g3 -DUSE_HAL_DRIVER -DSTM32F401xC -DDEBUG -c -I../USB_DEVICE/Target -I../Drivers/CMSIS/Include -I../Drivers/STM32F4xx_HAL_Driver/Inc -I../Core/Inc -I../USB_DEVICE/App -I../Drivers/CMSIS/Device/ST/STM32F4xx/Include -I../Middlewares/ST/STM32_USB_Device_Library/Core/Inc -I../Drivers/STM32F4xx_HAL_Driver/Inc/Legacy -I../Middlewares/ST/STM32_USB_Device_Library/Class/HID/Inc -I../circular_buffer -I../rpc -I../utils -I../mouse -O0 -ffunction-sections -fdata-sections -Wall -fstack-usage -MMD -MP -MF"Drivers/STM32F4xx_HAL_Driver/Src/stm32f4xx_hal_pcd.d" -MT"Drivers/STM32F4xx_HAL_Driver/Src/stm32f4xx_hal_pcd.o" --specs=nano.specs -mfpu=fpv4-sp-d16 -mfloat-abi=hard -mthumb -o "Drivers/STM32F4xx_HAL_Driver/Src/stm32f4xx_hal_pcd.o"
arm-none-eabi-gcc "../Drivers/STM32F4xx_HAL_Driver/Src/stm32f4xx_hal_pcd_ex.c" -mcpu=cortex-m4 -std=gnu11 -g3 -DUSE_HAL_DRIVER -DSTM32F401xC -DDEBUG -c -I../USB_DEVICE/Target -I../Drivers/CMSIS/Include -I../Drivers/STM32F4xx_HAL_Driver/Inc -I../Core/Inc -I../USB_DEVICE/App -I../Drivers/CMSIS/Device/ST/STM32F4xx/Include -I../Middlewares/ST/STM32_USB_Device_Library/Core/Inc -I../Drivers/STM32F4xx_HAL_Driver/Inc/Legacy -I../Middlewares/ST/STM32_USB_Device_Library/Class/HID/Inc -I../circular_buffer -I../rpc -I../utils -I../mouse -O0 -ffunction-sections -fdata-sections -Wall -fstack-usage -MMD -MP -MF"Drivers/STM32F4xx_HAL_Driver/Src/stm32f4xx_hal_pcd_ex.d" -MT"Drivers/STM32F4xx_HAL_Driver/Src/stm32f4xx_hal_pcd_ex.o" --specs=nano.specs -mfpu=fpv4-sp-d16 -mfloat-abi=hard -mthumb -o "Drivers/STM32F4xx_HAL_Driver/Src/stm32f4xx_hal_pcd_ex.o"
arm-none-eabi-gcc "../Drivers/STM32F4xx_HAL_Driver/Src/stm32f4xx_hal_pwr.c" -mcpu=cortex-m4 -std=gnu11 -g3 -DUSE_HAL_DRIVER -DSTM32F401xC -DDEBUG -c -I../USB_DEVICE/Target -I../Drivers/CMSIS/Include -I../Drivers/STM32F4xx_HAL_Driver/Inc -I../Core/Inc -I../USB_DEVICE/App -I../Drivers/CMSIS/Device/ST/STM32F4xx/Include -I../Middlewares/ST/STM32_USB_Device_Library/Core/Inc -I../Drivers/STM32F4xx_HAL_Driver/Inc/Legacy -I../Middlewares/ST/STM32_USB_Device_Library/Class/HID/Inc -I../circular_buffer -I../rpc -I../utils -I../mouse -O0 -ffunction-sections -fdata-sections -Wall -fstack-usage -MMD -MP -MF"Drivers/STM32F4xx_HAL_Driver/Src/stm32f4xx_hal_pwr.d" -MT"Drivers/STM32F4xx_HAL_Driver/Src/stm32f4xx_hal_pwr.o" --specs=nano.specs -mfpu=fpv4-sp-d16 -mfloat-abi=hard -mthumb -o "Drivers/STM32F4xx_HAL_Driver/Src/stm32f4xx_hal_pwr.o"
arm-none-eabi-gcc "../Drivers/STM32F4xx_HAL_Driver/Src/stm32f4xx_hal_pwr_ex.c" -mcpu=cortex-m4 -std=gnu11 -g3 -DUSE_HAL_DRIVER -DSTM32F401xC -DDEBUG -c -I../USB_DEVICE/Target -I../Drivers/CMSIS/Include -I../Drivers/STM32F4xx_HAL_Driver/Inc -I../Core/Inc -I../USB_DEVICE/App -I../Drivers/CMSIS/Device/ST/STM32F4xx/Include -I../Middlewares/ST/STM32_USB_Device_Library/Core/Inc -I../Drivers/STM32F4xx_HAL_Driver/Inc/Legacy -I../Middlewares/ST/STM32_USB_Device_Library/Class/HID/Inc -I../circular_buffer -I../rpc -I../utils -I../mouse -O0 -ffunction-sections -fdata-sections -Wall -fstack-usage -MMD -MP -MF"Drivers/STM32F4xx_HAL_Driver/Src/stm32f4xx_hal_pwr_ex.d" -MT"Drivers/STM32F4xx_HAL_Driver/Src/stm32f4xx_hal_pwr_ex.o" --specs=nano.specs -mfpu=fpv4-sp-d16 -mfloat-abi=hard -mthumb -o "Drivers/STM32F4xx_HAL_Driver/Src/stm32f4xx_hal_pwr_ex.o"
arm-none-eabi-gcc "../Drivers/STM32F4xx_HAL_Driver/Src/stm32f4xx_hal_rcc.c" -mcpu=cortex-m4 -std=gnu11 -g3 -DUSE_HAL_DRIVER -DSTM32F401xC -DDEBUG -c -I../USB_DEVICE/Target -I../Drivers/CMSIS/Include -I../Drivers/STM32F4xx_HAL_Driver/Inc -I../Core/Inc -I../USB_DEVICE/App -I../Drivers/CMSIS/Device/ST/STM32F4xx/Include -I../Middlewares/ST/STM32_USB_Device_Library/Core/Inc -I../Drivers/STM32F4xx_HAL_Driver/Inc/Legacy -I../Middlewares/ST/STM32_USB_Device_Library/Class/HID/Inc -I../circular_buffer -I../rpc -I../utils -I../mouse -O0 -ffunction-sections -fdata-sections -Wall -fstack-usage -MMD -MP -MF"Drivers/STM32F4xx_HAL_Driver/Src/stm32f4xx_hal_rcc.d" -MT"Drivers/STM32F4xx_HAL_Driver/Src/stm32f4xx_hal_rcc.o" --specs=nano.specs -mfpu=fpv4-sp-d16 -mfloat-abi=hard -mthumb -o "Drivers/STM32F4xx_HAL_Driver/Src/stm32f4xx_hal_rcc.o"
arm-none-eabi-gcc "../Drivers/STM32F4xx_HAL_Driver/Src/stm32f4xx_hal_rcc_ex.c" -mcpu=cortex-m4 -std=gnu11 -g3 -DUSE_HAL_DRIVER -DSTM32F401xC -DDEBUG -c -I../USB_DEVICE/Target -I../Drivers/CMSIS/Include -I../Drivers/STM32F4xx_HAL_Driver/Inc -I../Core/Inc -I../USB_DEVICE/App -I../Drivers/CMSIS/Device/ST/STM32F4xx/Include -I../Middlewares/ST/STM32_USB_Device_Library/Core/Inc -I../Drivers/STM32F4xx_HAL_Driver/Inc/Legacy -I../Middlewares/ST/STM32_USB_Device_Library/Class/HID/Inc -I../circular_buffer -I../rpc -I../utils -I../mouse -O0 -ffunction-sections -fdata-sections -Wall -fstack-usage -MMD -MP -MF"Drivers/STM32F4xx_HAL_Driver/Src/stm32f4xx_hal_rcc_ex.d" -MT"Drivers/STM32F4xx_HAL_Driver/Src/stm32f4xx_hal_rcc_ex.o" --specs=nano.specs -mfpu=fpv4-sp-d16 -mfloat-abi=hard -mthumb -o "Drivers/STM32F4xx_HAL_Driver/Src/stm32f4xx_hal_rcc_ex.o"
arm-none-eabi-gcc "../Drivers/STM32F4xx_HAL_Driver/Src/stm32f4xx_hal_spi.c" -mcpu=cortex-m4 -std=gnu11 -g3 -DUSE_HAL_DRIVER -DSTM32F401xC -DDEBUG -c -I../USB_DEVICE/Target -I../Drivers/CMSIS/Include -I../Drivers/STM32F4xx_HAL_Driver/Inc -I../Core/Inc -I../USB_DEVICE/App -I../Drivers/CMSIS/Device/ST/STM32F4xx/Include -I../Middlewares/ST/STM32_USB_Device_Library/Core/Inc -I../Drivers/STM32F4xx_HAL_Driver/Inc/Legacy -I../Middlewares/ST/STM32_USB_Device_Library/Class/HID/Inc -I../circular_buffer -I../rpc -I../utils -I../mouse -O0 -ffunction-sections -fdata-sections -Wall -fstack-usage -MMD -MP -MF"Drivers/STM32F4xx_HAL_Driver/Src/stm32f4xx_hal_spi.d" -MT"Drivers/STM32F4xx_HAL_Driver/Src/stm32f4xx_hal_spi.o" --specs=nano.specs -mfpu=fpv4-sp-d16 -mfloat-abi=hard -mthumb -o "Drivers/STM32F4xx_HAL_Driver/Src/stm32f4xx_hal_spi.o"
arm-none-eabi-gcc "../Drivers/STM32F4xx_HAL_Driver/Src/stm32f4xx_hal_tim.c" -mcpu=cortex-m4 -std=gnu11 -g3 -DUSE_HAL_DRIVER -DSTM32F401xC -DDEBUG -c -I../USB_DEVICE/Target -I../Drivers/CMSIS/Include -I../Drivers/STM32F4xx_HAL_Driver/Inc -I../Core/Inc -I../USB_DEVICE/App -I../Drivers/CMSIS/Device/ST/STM32F4xx/Include -I../Middlewares/ST/STM32_USB_Device_Library/Core/Inc -I../Drivers/STM32F4xx_HAL_Driver/Inc/Legacy -I../Middlewares/ST/STM32_USB_Device_Library/Class/HID/Inc -I../circular_buffer -I../rpc -I../utils -I../mouse -O0 -ffunction-sections -fdata-sections -Wall -fstack-usage -MMD -MP -MF"Drivers/STM32F4xx_HAL_Driver/Src/stm32f4xx_hal_tim.d" -MT"Drivers/STM32F4xx_HAL_Driver/Src/stm32f4xx_hal_tim.o" --specs=nano.specs -mfpu=fpv4-sp-d16 -mfloat-abi=hard -mthumb -o "Drivers/STM32F4xx_HAL_Driver/Src/stm32f4xx_hal_tim.o"
arm-none-eabi-gcc "../Drivers/STM32F4xx_HAL_Driver/Src/stm32f4xx_hal_tim_ex.c" -mcpu=cortex-m4 -std=gnu11 -g3 -DUSE_HAL_DRIVER -DSTM32F401xC -DDEBUG -c -I../USB_DEVICE/Target -I../Drivers/CMSIS/Include -I../Drivers/STM32F4xx_HAL_Driver/Inc -I../Core/Inc -I../USB_DEVICE/App -I../Drivers/CMSIS/Device/ST/STM32F4xx/Include -I../Middlewares/ST/STM32_USB_Device_Library/Core/Inc -I../Drivers/STM32F4xx_HAL_Driver/Inc/Legacy -I../Middlewares/ST/STM32_USB_Device_Library/Class/HID/Inc -I../circular_buffer -I../rpc -I../utils -I../mouse -O0 -ffunction-sections -fdata-sections -Wall -fstack-usage -MMD -MP -MF"Drivers/STM32F4xx_HAL_Driver/Src/stm32f4xx_hal_tim_ex.d" -MT"Drivers/STM32F4xx_HAL_Driver/Src/stm32f4xx_hal_tim_ex.o" --specs=nano.specs -mfpu=fpv4-sp-d16 -mfloat-abi=hard -mthumb -o "Drivers/STM32F4xx_HAL_Driver/Src/stm32f4xx_hal_tim_ex.o"
arm-none-eabi-g++ "../Drivers/STM32F4xx_HAL_Driver/Src/stm32f4xx_hal_uart.cpp" -mcpu=cortex-m4 -g3 -DUSE_HAL_DRIVER -DSTM32F401xC -DDEBUG -c -I../USB_DEVICE/Target -I../Drivers/CMSIS/Include -I../Drivers/STM32F4xx_HAL_Driver/Inc -I../Core/Inc -I../USB_DEVICE/App -I../Drivers/CMSIS/Device/ST/STM32F4xx/Include -I../Middlewares/ST/STM32_USB_Device_Library/Core/Inc -I../Drivers/STM32F4xx_HAL_Driver/Inc/Legacy -I../Middlewares/ST/STM32_USB_Device_Library/Class/HID/Inc -I../circular_buffer -I../flash_key_value_tree -I../rpc -I../utils -I../mouse -O0 -ffunction-sections -fdata-sections -fno-exceptions -fno-rtti -fno-use-cxa-atexit -Wall -std=c++17 -fstack-usage -MMD -MP -MF"Drivers/STM32F4xx_HAL_Driver/Src/stm32f4xx_hal_uart.d" -MT"Drivers/STM32F4xx_HAL_Driver/Src/stm32f4xx_hal_uart.o" --specs=nano.specs -mfpu=fpv4-sp-d16 -mfloat-abi=hard -mthumb -o "Drivers/STM32F4xx_HAL_Driver/Src/stm32f4xx_hal_uart.o"
arm-none-eabi-gcc "../Drivers/STM32F4xx_HAL_Driver/Src/stm32f4xx_hal_wwdg.c" -mcpu=cortex-m4 -std=gnu11 -g3 -DUSE_HAL_DRIVER -DSTM32F401xC -DDEBUG -c -I../USB_DEVICE/Target -I../Drivers/CMSIS/Include -I../Drivers/STM32F4xx_HAL_Driver/Inc -I../Core/Inc -I../USB_DEVICE/App -I../Drivers/CMSIS/Device/ST/STM32F4xx/Include -I../Middlewares/ST/STM32_USB_Device_Library/Core/Inc -I../Drivers/STM32F4xx_HAL_Driver/Inc/Legacy -I../Middlewares/ST/STM32_USB_Device_Library/Class/HID/Inc -I../circular_buffer -I../rpc -I../utils -I../mouse -O0 -ffunction-sections -fdata-sections -Wall -fstack-usage -MMD -MP -MF"Drivers/STM32F4xx_HAL_Driver/Src/stm32f4xx_hal_wwdg.d" -MT"Drivers/STM32F4xx_HAL_Driver/Src/stm32f4xx_hal_wwdg.o" --specs=nano.specs -mfpu=fpv4-sp-d16 -mfloat-abi=hard -mthumb -o "Drivers/STM32F4xx_HAL_Driver/Src/stm32f4xx_hal_wwdg.o"
arm-none-eabi-gcc "../Drivers/STM32F4xx_HAL_Driver/Src/stm32f4xx_ll_usb.c" -mcpu=cortex-m4 -std=gnu11 -g3 -DUSE_HAL_DRIVER -DSTM32F401xC -DDEBUG -c -I../USB_DEVICE/Target -I../Drivers/CMSIS/Include -I../Drivers/STM32F4xx_HAL_Driver/Inc -I../Core/Inc -I../USB_DEVICE/App -I../Drivers/CMSIS/Device/ST/STM32F4xx/Include -I../Middlewares/ST/STM32_USB_Device_Library/Core/Inc -I../Drivers/STM32F4xx_HAL_Driver/Inc/Legacy -I../Middlewares/ST/STM32_USB_Device_Library/Class/HID/Inc -I../circular_buffer -I../rpc -I../utils -I../mouse -O0 -ffunction-sections -fdata-sections -Wall -fstack-usage -MMD -MP -MF"Drivers/STM32F4xx_HAL_Driver/Src/stm32f4xx_ll_usb.d" -MT"Drivers/STM32F4xx_HAL_Driver/Src/stm32f4xx_ll_usb.o" --specs=nano.specs -mfpu=fpv4-sp-d16 -mfloat-abi=hard -mthumb -o "Drivers/STM32F4xx_HAL_Driver/Src/stm32f4xx_ll_usb.o"
arm-none-eabi-gcc -mcpu=cortex-m4 -g3 -c -x assembler-with-cpp -MMD -MP -MF"Core/Startup/startup_stm32f401ccux.d" -MT"Core/Startup/startup_stm32f401ccux.o" --specs=nano.specs -mfpu=fpv4-sp-d16 -mfloat-abi=hard -mthumb -o "Core/Startup/startup_stm32f401ccux.o" "../Core/Startup/startup_stm32f401ccux.s"
arm-none-eabi-g++ "../Core/Src/default_config.cpp" -mcpu=cortex-m4 -g3 -DUSE_HAL_DRIVER -DSTM32F401xC -DDEBUG -c -I../USB_DEVICE/Target -I../Drivers/CMSIS/Include -I../Drivers/STM32F4xx_HAL_Driver/Inc -I../Core/Inc -I../USB_DEVICE/App -I../Drivers/CMSIS/Device/ST/STM32F4xx/Include -I../Middlewares/ST/STM32_USB_Device_Library/Core/Inc -I../Drivers/STM32F4xx_HAL_Driver/Inc/Legacy -I../Middlewares/ST/STM32_USB_Device_Library/Class/HID/Inc -I../circular_buffer -I../flash_key_value_tree -I../rpc -I../utils -I../mouse -O0 -ffunction-sections -fdata-sections -fno-exceptions -fno-rtti -fno-use-cxa-atexit -Wall -std=c++17 -fstack-usage -MMD -MP -MF"Core/Src/default_config.d" -MT"Core/Src/default_config.o" --specs=nano.specs -mfpu=fpv4-sp-d16 -mfloat-abi=hard -mthumb -o "Core/Src/default_config.o"
arm-none-eabi-g++ "../Core/Src/flash_config.cpp" -mcpu=cortex-m4 -g3 -DUSE_HAL_DRIVER -DSTM32F401xC -DDEBUG -c -I../USB_DEVICE/Target -I../Drivers/CMSIS/Include -I../Drivers/STM32F4xx_HAL_Driver/Inc -I../Core/Inc -I../USB_DEVICE/App -I../Drivers/CMSIS/Device/ST/STM32F4xx/Include -I../Middlewares/ST/STM32_USB_Device_Library/Core/Inc -I../Drivers/STM32F4xx_HAL_Driver/Inc/Legacy -I../Middlewares/ST/STM32_USB_Device_Library/Class/HID/Inc -I../circular_buffer -I../flash_key_value_tree -I../rpc -I../utils -I../mouse -O0 -ffunction-sections -fdata-sections -fno-exceptions -fno-rtti -fno-use-cxa-atexit -Wall -std=c++17 -fstack-usage -MMD -MP -MF"Core/Src/flash_config.d" -MT"Core/Src/flash_config.o" --specs=nano.specs -mfpu=fpv4-sp-d16 -mfloat-abi=hard -mthumb -o "Core/Src/flash_config.o"
arm-none-eabi-g++ "../Core/Src/main.cpp" -mcpu=cortex-m4 -g3 -DUSE_HAL_DRIVER -DSTM32F401xC -DDEBUG -c -I../USB_DEVICE/Target -I../Drivers/CMSIS/Include -I../Drivers/STM32F4xx_HAL_Driver/Inc -I../Core/Inc -I../USB_DEVICE/App -I../Drivers/CMSIS/Device/ST/STM32F4xx/Include -I../Middlewares/ST/STM32_USB_Device_Library/Core/Inc -I../Drivers/STM32F4xx_HAL_Driver/Inc/Legacy -I../Middlewares/ST/STM32_USB_Device_Library/Class/HID/Inc -I../circular_buffer -I../flash_key_value_tree -I../rpc -I../utils -I../mouse -O0 -ffunction-sections -fdata-sections -fno-exceptions -fno-rtti -fno-use-cxa-atexit -Wall -std=c++17 -fstack-usage -MMD -MP -MF"Core/Src/main.d" -MT"Core/Src/main.o" --specs=nano.specs -mfpu=fpv4-sp-d16 -mfloat-abi=hard -mthumb -o "Core/Src/main.o"
arm-none-eabi-gcc "../Core/Src/stm32f4xx_hal_msp.c" -mcpu=cortex-m4 -std=gnu11 -g3 -DUSE_HAL_DRIVER -DSTM32F401xC -DDEBUG -c -I../USB_DEVICE/Target -I../Drivers/CMSIS/Include -I../Drivers/STM32F4xx_HAL_Driver/Inc -I../Core/Inc -I../USB_DEVICE/App -I../Drivers/CMSIS/Device/ST/STM32F4xx/Include -I../Middlewares/ST/STM32_USB_Device_Library/Core/Inc -I../Drivers/STM32F4xx_HAL_Driver/Inc/Legacy -I../Middlewares/ST/STM32_USB_Device_Library/Class/HID/Inc -I../circular_buffer -I../rpc -I../utils -I../mouse -O0 -ffunction-sections -fdata-sections -Wall -fstack-usage -MMD -MP -MF"Core/Src/stm32f4xx_hal_msp.d" -MT"Core/Src/stm32f4xx_hal_msp.o" --specs=nano.specs -mfpu=fpv4-sp-d16 -mfloat-abi=hard -mthumb -o "Core/Src/stm32f4xx_hal_msp.o"
In file included from ../Core/Src/default_config.cpp:8:0:
../mouse/reporting_functions.h:55:1: warning: multi-line comment [-Wcomment]
 //#define REPORT_PARAMS_STRUCT(X) template<> \
 ^
arm-none-eabi-gcc "../Core/Src/stm32f4xx_it.c" -mcpu=cortex-m4 -std=gnu11 -g3 -DUSE_HAL_DRIVER -DSTM32F401xC -DDEBUG -c -I../USB_DEVICE/Target -I../Drivers/CMSIS/Include -I../Drivers/STM32F4xx_HAL_Driver/Inc -I../Core/Inc -I../USB_DEVICE/App -I../Drivers/CMSIS/Device/ST/STM32F4xx/Include -I../Middlewares/ST/STM32_USB_Device_Library/Core/Inc -I../Drivers/STM32F4xx_HAL_Driver/Inc/Legacy -I../Middlewares/ST/STM32_USB_Device_Library/Class/HID/Inc -I../circular_buffer -I../rpc -I../utils -I../mouse -O0 -ffunction-sections -fdata-sections -Wall -fstack-usage -MMD -MP -MF"Core/Src/stm32f4xx_it.d" -MT"Core/Src/stm32f4xx_it.o" --specs=nano.specs -mfpu=fpv4-sp-d16 -mfloat-abi=hard -mthumb -o "Core/Src/stm32f4xx_it.o"
arm-none-eabi-gcc "../Core/Src/syscalls.c" -mcpu=cortex-m4 -std=gnu11 -g3 -DUSE_HAL_DRIVER -DSTM32F401xC -DDEBUG -c -I../USB_DEVICE/Target -I../Drivers/CMSIS/Include -I../Drivers/STM32F4xx_HAL_Driver/Inc -I../Core/Inc -I../USB_DEVICE/App -I../Drivers/CMSIS/Device/ST/STM32F4xx/Include -I../Middlewares/ST/STM32_USB_Device_Library/Core/Inc -I../Drivers/STM32F4xx_HAL_Driver/Inc/Legacy -I../Middlewares/ST/STM32_USB_Device_Library/Class/HID/Inc -I../circular_buffer -I../rpc -I../utils -I../mouse -O0 -ffunction-sections -fdata-sections -Wall -fstack-usage -MMD -MP -MF"Core/Src/syscalls.d" -MT"Core/Src/syscalls.o" --specs=nano.specs -mfpu=fpv4-sp-d16 -mfloat-abi=hard -mthumb -o "Core/Src/syscalls.o"
In file included from ../mouse/mouse_event_handler.hpp:5:0,
                 from ../Core/Src/main.cpp:27:
../mouse/reporting_functions.h:55:1: warning: multi-line comment [-Wcomment]
 //#define REPORT_PARAMS_STRUCT(X) template<> \
 ^
arm-none-eabi-gcc "../Core/Src/sysmem.c" -mcpu=cortex-m4 -std=gnu11 -g3 -DUSE_HAL_DRIVER -DSTM32F401xC -DDEBUG -c -I../USB_DEVICE/Target -I../Drivers/CMSIS/Include -I../Drivers/STM32F4xx_HAL_Driver/Inc -I../Core/Inc -I../USB_DEVICE/App -I../Drivers/CMSIS/Device/ST/STM32F4xx/Include -I../Middlewares/ST/STM32_USB_Device_Library/Core/Inc -I../Drivers/STM32F4xx_HAL_Driver/Inc/Legacy -I../Middlewares/ST/STM32_USB_Device_Library/Class/HID/Inc -I../circular_buffer -I../rpc -I../utils -I../mouse -O0 -ffunction-sections -fdata-sections -Wall -fstack-usage -MMD -MP -MF"Core/Src/sysmem.d" -MT"Core/Src/sysmem.o" --specs=nano.specs -mfpu=fpv4-sp-d16 -mfloat-abi=hard -mthumb -o "Core/Src/sysmem.o"
arm-none-eabi-gcc "../Core/Src/system_stm32f4xx.c" -mcpu=cortex-m4 -std=gnu11 -g3 -DUSE_HAL_DRIVER -DSTM32F401xC -DDEBUG -c -I../USB_DEVICE/Target -I../Drivers/CMSIS/Include -I../Drivers/STM32F4xx_HAL_Driver/Inc -I../Core/Inc -I../USB_DEVICE/App -I../Drivers/CMSIS/Device/ST/STM32F4xx/Include -I../Middlewares/ST/STM32_USB_Device_Library/Core/Inc -I../Drivers/STM32F4xx_HAL_Driver/Inc/Legacy -I../Middlewares/ST/STM32_USB_Device_Library/Class/HID/Inc -I../circular_buffer -I../rpc -I../utils -I../mouse -O0 -ffunction-sections -fdata-sections -Wall -fstack-usage -MMD -MP -MF"Core/Src/system_stm32f4xx.d" -MT"Core/Src/system_stm32f4xx.o" --specs=nano.specs -mfpu=fpv4-sp-d16 -mfloat-abi=hard -mthumb -o "Core/Src/system_stm32f4xx.o"
../Core/Src/main.cpp: In function 'int main()':
../Core/Src/main.cpp:336:12: warning: unused variable 'pI' [-Wunused-variable]
   uint32_t pI = 0;
            ^~
../Core/Src/main.cpp:337:12: warning: unused variable 'Data' [-Wunused-variable]
   uint64_t Data = 0x00000000FFFFFFFF;
            ^~~~
../Core/Src/main.cpp: At global scope:
../Core/Src/main.cpp:702:13: warning: 'void MX_WWDG_Init()' defined but not used [-Wunused-function]
 static void MX_WWDG_Init(void)
             ^~~~~~~~~~~~
../Core/Src/main.cpp:464:13: warning: 'void MX_IWDG_Init()' defined but not used [-Wunused-function]
 static void MX_IWDG_Init(void)
             ^~~~~~~~~~~~
arm-none-eabi-g++ -o "stm32f4_usb_device.elf" @"objects.list"   -mcpu=cortex-m4 -T"F:\dove_keyboard\stm32f4_usb_device\STM32F401CCUX_FLASH.ld" --specs=nosys.specs -Wl,-Map="stm32f4_usb_device.map" -Wl,--gc-sections -static --specs=nano.specs -mfpu=fpv4-sp-d16 -mfloat-abi=hard -mthumb -Wl,--start-group -lc -lm -lstdc++ -lsupc++ -Wl,--end-group
Finished building target: stm32f4_usb_device.elf
 
arm-none-eabi-size   stm32f4_usb_device.elf 
arm-none-eabi-objdump -h -S  stm32f4_usb_device.elf  > "stm32f4_usb_device.list"
arm-none-eabi-objcopy  -O binary  stm32f4_usb_device.elf  "stm32f4_usb_device.bin"
   text	   data	    bss	    dec	    hex	filename
  72576	    648	  55828	 129052	  1f81c	stm32f4_usb_device.elf
Finished building: default.size.stdout
 
Finished building: stm32f4_usb_device.bin
 
Finished building: stm32f4_usb_device.list
 
